19:13:01 | INFO    | device=cuda  run=contingency_100  mode=real
19:17:03 | INFO    | index: 419 vistas | 190 rodillas | 186 pacientes | mixtos=[92, 112, 133, 147]
19:17:03 | INFO    | ===== Comparador: radimagenet =====
19:17:03 | INFO    | [weights:radimagenet] cargados=318  omitidos_por_shape=0  faltantes_en_fuente=2  no_usados_de_fuente=0
19:20:28 | INFO    |   [radimagenet] fold 0 epoch 0  train_loss=0.4808  val_auc=0.5059
19:20:29 | INFO    |   [radimagenet] fold 0 epoch 1  train_loss=0.4651  val_auc=0.3409
19:20:30 | INFO    |   [radimagenet] fold 0 epoch 2  train_loss=0.4503  val_auc=0.4881
19:20:31 | INFO    |   [radimagenet] fold 0 epoch 3  train_loss=0.4359  val_auc=0.4723
19:20:33 | INFO    |   [radimagenet] fold 0 epoch 4  train_loss=0.4059  val_auc=0.5474
19:20:34 | INFO    |   [radimagenet] fold 0 epoch 5  train_loss=0.3763  val_auc=0.5445
19:20:35 | INFO    |   [radimagenet] fold 0 epoch 6  train_loss=0.3280  val_auc=0.5425
19:20:36 | INFO    |   [radimagenet] fold 0 epoch 7  train_loss=0.2886  val_auc=0.5731
19:20:37 | INFO    |   [radimagenet] fold 0 epoch 8  train_loss=0.2320  val_auc=0.5810
19:20:38 | INFO    |   [radimagenet] fold 0 epoch 9  train_loss=0.1817  val_auc=0.5494
19:20:39 | INFO    |   [radimagenet] fold 0 epoch 10  train_loss=0.1424  val_auc=0.5316
19:20:40 | INFO    |   [radimagenet] fold 0 epoch 11  train_loss=0.0921  val_auc=0.5603
19:20:41 | INFO    |   [radimagenet] fold 0 epoch 12  train_loss=0.0678  val_auc=0.5652
19:20:42 | INFO    |   [radimagenet] fold 0 epoch 13  train_loss=0.0582  val_auc=0.5573
19:20:43 | INFO    |   [radimagenet] fold 0 epoch 14  train_loss=0.0515  val_auc=0.5573
19:20:45 | INFO    |   [radimagenet] fold 0 epoch 15  train_loss=0.0384  val_auc=0.5494
19:20:45 | INFO    |   [radimagenet] fold 0 early stop @ epoch 15
19:21:15 | INFO    | [weights:radimagenet] cargados=318  omitidos_por_shape=0  faltantes_en_fuente=2  no_usados_de_fuente=0
19:21:16 | INFO    |   [radimagenet] fold 1 epoch 0  train_loss=0.4720  val_auc=0.5504
19:21:17 | INFO    |   [radimagenet] fold 1 epoch 1  train_loss=0.4647  val_auc=0.6601
19:21:18 | INFO    |   [radimagenet] fold 1 epoch 2  train_loss=0.4445  val_auc=0.7154
19:21:20 | INFO    |   [radimagenet] fold 1 epoch 3  train_loss=0.4206  val_auc=0.6877
19:21:21 | INFO    |   [radimagenet] fold 1 epoch 4  train_loss=0.3945  val_auc=0.6709
19:21:22 | INFO    |   [radimagenet] fold 1 epoch 5  train_loss=0.3641  val_auc=0.7263
19:21:23 | INFO    |   [radimagenet] fold 1 epoch 6  train_loss=0.3054  val_auc=0.7381
19:21:24 | INFO    |   [radimagenet] fold 1 epoch 7  train_loss=0.2625  val_auc=0.7589
19:21:25 | INFO    |   [radimagenet] fold 1 epoch 8  train_loss=0.2032  val_auc=0.7836
19:21:26 | INFO    |   [radimagenet] fold 1 epoch 9  train_loss=0.1455  val_auc=0.7055
19:21:27 | INFO    |   [radimagenet] fold 1 epoch 10  train_loss=0.1064  val_auc=0.7263
19:21:28 | INFO    |   [radimagenet] fold 1 epoch 11  train_loss=0.0721  val_auc=0.7411
19:21:29 | INFO    |   [radimagenet] fold 1 epoch 12  train_loss=0.0627  val_auc=0.7411
19:21:30 | INFO    |   [radimagenet] fold 1 epoch 13  train_loss=0.0428  val_auc=0.7342
19:21:32 | INFO    |   [radimagenet] fold 1 epoch 14  train_loss=0.0436  val_auc=0.7787
19:21:33 | INFO    |   [radimagenet] fold 1 epoch 15  train_loss=0.0339  val_auc=0.7500
19:21:33 | INFO    |   [radimagenet] fold 1 early stop @ epoch 15
19:21:33 | INFO    | [weights:radimagenet] cargados=318  omitidos_por_shape=0  faltantes_en_fuente=2  no_usados_de_fuente=0
19:21:34 | INFO    |   [radimagenet] fold 2 epoch 0  train_loss=0.4813  val_auc=0.5254
19:21:36 | INFO    |   [radimagenet] fold 2 epoch 1  train_loss=0.4676  val_auc=0.6676
19:21:37 | INFO    |   [radimagenet] fold 2 epoch 2  train_loss=0.4479  val_auc=0.7536
19:21:38 | INFO    |   [radimagenet] fold 2 epoch 3  train_loss=0.4299  val_auc=0.7609
19:21:39 | INFO    |   [radimagenet] fold 2 epoch 4  train_loss=0.4025  val_auc=0.7808
19:21:40 | INFO    |   [radimagenet] fold 2 epoch 5  train_loss=0.3679  val_auc=0.7228
19:21:41 | INFO    |   [radimagenet] fold 2 epoch 6  train_loss=0.3242  val_auc=0.8234
19:21:42 | INFO    |   [radimagenet] fold 2 epoch 7  train_loss=0.2732  val_auc=0.8361
19:21:43 | INFO    |   [radimagenet] fold 2 epoch 8  train_loss=0.2030  val_auc=0.8225
19:21:44 | INFO    |   [radimagenet] fold 2 epoch 9  train_loss=0.1450  val_auc=0.8125
19:21:45 | INFO    |   [radimagenet] fold 2 epoch 10  train_loss=0.1063  val_auc=0.8569
19:21:47 | INFO    |   [radimagenet] fold 2 epoch 11  train_loss=0.0823  val_auc=0.8487
19:21:48 | INFO    |   [radimagenet] fold 2 epoch 12  train_loss=0.0609  val_auc=0.7880
19:21:49 | INFO    |   [radimagenet] fold 2 epoch 13  train_loss=0.0522  val_auc=0.8288
19:21:50 | INFO    |   [radimagenet] fold 2 epoch 14  train_loss=0.0327  val_auc=0.8442
19:21:51 | INFO    |   [radimagenet] fold 2 epoch 15  train_loss=0.0293  val_auc=0.8306
19:21:52 | INFO    |   [radimagenet] fold 2 epoch 16  train_loss=0.0294  val_auc=0.8306
19:21:53 | INFO    |   [radimagenet] fold 2 epoch 17  train_loss=0.0248  val_auc=0.8071
19:21:53 | INFO    |   [radimagenet] fold 2 early stop @ epoch 17
19:21:53 | INFO    | [weights:radimagenet] cargados=318  omitidos_por_shape=0  faltantes_en_fuente=2  no_usados_de_fuente=0
19:21:55 | INFO    |   [radimagenet] fold 3 epoch 0  train_loss=0.4784  val_auc=0.5197
19:21:56 | INFO    |   [radimagenet] fold 3 epoch 1  train_loss=0.4640  val_auc=0.5450
19:21:57 | INFO    |   [radimagenet] fold 3 epoch 2  train_loss=0.4524  val_auc=0.6117
19:21:58 | INFO    |   [radimagenet] fold 3 epoch 3  train_loss=0.4419  val_auc=0.5672
19:21:59 | INFO    |   [radimagenet] fold 3 epoch 4  train_loss=0.4216  val_auc=0.5733
19:22:00 | INFO    |   [radimagenet] fold 3 epoch 5  train_loss=0.3912  val_auc=0.5915
19:22:01 | INFO    |   [radimagenet] fold 3 epoch 6  train_loss=0.3597  val_auc=0.6390
19:22:03 | INFO    |   [radimagenet] fold 3 epoch 7  train_loss=0.3139  val_auc=0.6107
19:22:04 | INFO    |   [radimagenet] fold 3 epoch 8  train_loss=0.2594  val_auc=0.6471
19:22:05 | INFO    |   [radimagenet] fold 3 epoch 9  train_loss=0.2052  val_auc=0.6653
19:22:06 | INFO    |   [radimagenet] fold 3 epoch 10  train_loss=0.1475  val_auc=0.6481
19:22:07 | INFO    |   [radimagenet] fold 3 epoch 11  train_loss=0.1077  val_auc=0.6249
19:22:08 | INFO    |   [radimagenet] fold 3 epoch 12  train_loss=0.0879  val_auc=0.6077
19:22:09 | INFO    |   [radimagenet] fold 3 epoch 13  train_loss=0.0625  val_auc=0.6825
19:22:10 | INFO    |   [radimagenet] fold 3 epoch 14  train_loss=0.0462  val_auc=0.6613
19:22:11 | INFO    |   [radimagenet] fold 3 epoch 15  train_loss=0.0434  val_auc=0.6552
19:22:12 | INFO    |   [radimagenet] fold 3 epoch 16  train_loss=0.0441  val_auc=0.6441
19:22:14 | INFO    |   [radimagenet] fold 3 epoch 17  train_loss=0.0397  val_auc=0.6269
19:22:15 | INFO    |   [radimagenet] fold 3 epoch 18  train_loss=0.0401  val_auc=0.6512
19:22:16 | INFO    |   [radimagenet] fold 3 epoch 19  train_loss=0.0297  val_auc=0.6815
19:22:17 | INFO    |   [radimagenet] fold 3 epoch 20  train_loss=0.0274  val_auc=0.6330
19:22:17 | INFO    |   [radimagenet] fold 3 early stop @ epoch 20
19:22:17 | INFO    | [weights:radimagenet] cargados=318  omitidos_por_shape=0  faltantes_en_fuente=2  no_usados_de_fuente=0
19:22:19 | INFO    |   [radimagenet] fold 4 epoch 0  train_loss=0.4851  val_auc=0.4975
19:22:20 | INFO    |   [radimagenet] fold 4 epoch 1  train_loss=0.4630  val_auc=0.5865
19:22:21 | INFO    |   [radimagenet] fold 4 epoch 2  train_loss=0.4504  val_auc=0.5652
19:22:22 | INFO    |   [radimagenet] fold 4 epoch 3  train_loss=0.4341  val_auc=0.5703
19:22:23 | INFO    |   [radimagenet] fold 4 epoch 4  train_loss=0.3964  val_auc=0.6340
19:22:24 | INFO    |   [radimagenet] fold 4 epoch 5  train_loss=0.3588  val_auc=0.6421
19:22:25 | INFO    |   [radimagenet] fold 4 epoch 6  train_loss=0.3112  val_auc=0.6855
19:22:26 | INFO    |   [radimagenet] fold 4 epoch 7  train_loss=0.2587  val_auc=0.7058
19:22:28 | INFO    |   [radimagenet] fold 4 epoch 8  train_loss=0.1900  val_auc=0.6896
19:22:29 | INFO    |   [radimagenet] fold 4 epoch 9  train_loss=0.1494  val_auc=0.7058
19:22:30 | INFO    |   [radimagenet] fold 4 epoch 10  train_loss=0.1022  val_auc=0.6855
19:22:31 | INFO    |   [radimagenet] fold 4 epoch 11  train_loss=0.0827  val_auc=0.6724
19:22:32 | INFO    |   [radimagenet] fold 4 epoch 12  train_loss=0.0592  val_auc=0.7058
19:22:33 | INFO    |   [radimagenet] fold 4 epoch 13  train_loss=0.0488  val_auc=0.7088
19:22:34 | INFO    |   [radimagenet] fold 4 epoch 14  train_loss=0.0422  val_auc=0.7280
19:22:35 | INFO    |   [radimagenet] fold 4 epoch 15  train_loss=0.0324  val_auc=0.7270
19:22:36 | INFO    |   [radimagenet] fold 4 epoch 16  train_loss=0.0300  val_auc=0.7017
19:22:38 | INFO    |   [radimagenet] fold 4 epoch 17  train_loss=0.0316  val_auc=0.6886
19:22:39 | INFO    |   [radimagenet] fold 4 epoch 18  train_loss=0.0271  val_auc=0.7037
19:22:40 | INFO    |   [radimagenet] fold 4 epoch 19  train_loss=0.0330  val_auc=0.7088
19:22:41 | INFO    |   [radimagenet] fold 4 epoch 20  train_loss=0.0278  val_auc=0.6785
19:22:42 | INFO    |   [radimagenet] fold 4 epoch 21  train_loss=0.0289  val_auc=0.6866
19:22:42 | INFO    |   [radimagenet] fold 4 early stop @ epoch 21
19:22:42 | INFO    | [radimagenet] OOF  AUROC=0.6836  AUPRC=0.7951  prev=0.674  n_knees=190
19:22:42 | INFO    | ===== Comparador: imagenet =====
19:22:43 | INFO    | [weights:imagenet] cargados=318  omitidos_por_shape=0  faltantes_en_fuente=2  no_usados_de_fuente=0
19:22:44 | INFO    |   [imagenet] fold 0 epoch 0  train_loss=0.4776  val_auc=0.6828
19:22:45 | INFO    |   [imagenet] fold 0 epoch 1  train_loss=0.4687  val_auc=0.5613
19:22:46 | INFO    |   [imagenet] fold 0 epoch 2  train_loss=0.4622  val_auc=0.5069
19:22:47 | INFO    |   [imagenet] fold 0 epoch 3  train_loss=0.4508  val_auc=0.5366
19:22:49 | INFO    |   [imagenet] fold 0 epoch 4  train_loss=0.4356  val_auc=0.5652
19:22:50 | INFO    |   [imagenet] fold 0 epoch 5  train_loss=0.4130  val_auc=0.6235
19:22:51 | INFO    |   [imagenet] fold 0 epoch 6  train_loss=0.3743  val_auc=0.5998
19:22:52 | INFO    |   [imagenet] fold 0 epoch 7  train_loss=0.3260  val_auc=0.5751
19:22:52 | INFO    |   [imagenet] fold 0 early stop @ epoch 7
19:22:52 | INFO    | [weights:imagenet] cargados=318  omitidos_por_shape=0  faltantes_en_fuente=2  no_usados_de_fuente=0
19:22:54 | INFO    |   [imagenet] fold 1 epoch 0  train_loss=0.4732  val_auc=0.6749
19:22:55 | INFO    |   [imagenet] fold 1 epoch 1  train_loss=0.4678  val_auc=0.6759
19:22:56 | INFO    |   [imagenet] fold 1 epoch 2  train_loss=0.4594  val_auc=0.6294
19:22:57 | INFO    |   [imagenet] fold 1 epoch 3  train_loss=0.4478  val_auc=0.6848
19:22:58 | INFO    |   [imagenet] fold 1 epoch 4  train_loss=0.4249  val_auc=0.6887
19:22:59 | INFO    |   [imagenet] fold 1 epoch 5  train_loss=0.3868  val_auc=0.6808
19:23:00 | INFO    |   [imagenet] fold 1 epoch 6  train_loss=0.3418  val_auc=0.6621
19:23:01 | INFO    |   [imagenet] fold 1 epoch 7  train_loss=0.2661  val_auc=0.7717
19:23:03 | INFO    |   [imagenet] fold 1 epoch 8  train_loss=0.1889  val_auc=0.7352
19:23:04 | INFO    |   [imagenet] fold 1 epoch 9  train_loss=0.1373  val_auc=0.7194
19:23:05 | INFO    |   [imagenet] fold 1 epoch 10  train_loss=0.0901  val_auc=0.7204
19:23:06 | INFO    |   [imagenet] fold 1 epoch 11  train_loss=0.0544  val_auc=0.7470
19:23:07 | INFO    |   [imagenet] fold 1 epoch 12  train_loss=0.0342  val_auc=0.7609
19:23:08 | INFO    |   [imagenet] fold 1 epoch 13  train_loss=0.0638  val_auc=0.7668
19:23:09 | INFO    |   [imagenet] fold 1 epoch 14  train_loss=0.0660  val_auc=0.7747
19:23:10 | INFO    |   [imagenet] fold 1 epoch 15  train_loss=0.0291  val_auc=0.8063
19:23:11 | INFO    |   [imagenet] fold 1 epoch 16  train_loss=0.0569  val_auc=0.7490
19:23:12 | INFO    |   [imagenet] fold 1 epoch 17  train_loss=0.0253  val_auc=0.7915
19:23:13 | INFO    |   [imagenet] fold 1 epoch 18  train_loss=0.0310  val_auc=0.7569
19:23:15 | INFO    |   [imagenet] fold 1 epoch 19  train_loss=0.0250  val_auc=0.8113
19:23:16 | INFO    |   [imagenet] fold 1 epoch 20  train_loss=0.0329  val_auc=0.7767
19:23:17 | INFO    |   [imagenet] fold 1 epoch 21  train_loss=0.0200  val_auc=0.6571
19:23:18 | INFO    |   [imagenet] fold 1 epoch 22  train_loss=0.0146  val_auc=0.6611
19:23:20 | INFO    |   [imagenet] fold 1 epoch 23  train_loss=0.0112  val_auc=0.6670
19:23:21 | INFO    |   [imagenet] fold 1 epoch 24  train_loss=0.0121  val_auc=0.7263
19:23:22 | INFO    |   [imagenet] fold 1 epoch 25  train_loss=0.0131  val_auc=0.7698
19:23:23 | INFO    |   [imagenet] fold 1 epoch 26  train_loss=0.0072  val_auc=0.7549
19:23:23 | INFO    |   [imagenet] fold 1 early stop @ epoch 26
19:23:23 | INFO    | [weights:imagenet] cargados=318  omitidos_por_shape=0  faltantes_en_fuente=2  no_usados_de_fuente=0
19:23:25 | INFO    |   [imagenet] fold 2 epoch 0  train_loss=0.4763  val_auc=0.5326
19:23:26 | INFO    |   [imagenet] fold 2 epoch 1  train_loss=0.4677  val_auc=0.6639
19:23:27 | INFO    |   [imagenet] fold 2 epoch 2  train_loss=0.4553  val_auc=0.6413
19:23:28 | INFO    |   [imagenet] fold 2 epoch 3  train_loss=0.4373  val_auc=0.6993
19:23:29 | INFO    |   [imagenet] fold 2 epoch 4  train_loss=0.4103  val_auc=0.6241
19:23:30 | INFO    |   [imagenet] fold 2 epoch 5  train_loss=0.3666  val_auc=0.7156
19:23:31 | INFO    |   [imagenet] fold 2 epoch 6  train_loss=0.3294  val_auc=0.7138
19:23:32 | INFO    |   [imagenet] fold 2 epoch 7  train_loss=0.2679  val_auc=0.7002
19:23:33 | INFO    |   [imagenet] fold 2 epoch 8  train_loss=0.2027  val_auc=0.7147
19:23:35 | INFO    |   [imagenet] fold 2 epoch 9  train_loss=0.1443  val_auc=0.7120
19:23:36 | INFO    |   [imagenet] fold 2 epoch 10  train_loss=0.1043  val_auc=0.7400
19:23:37 | INFO    |   [imagenet] fold 2 epoch 11  train_loss=0.0630  val_auc=0.7446
19:23:38 | INFO    |   [imagenet] fold 2 epoch 12  train_loss=0.0457  val_auc=0.6739
19:23:39 | INFO    |   [imagenet] fold 2 epoch 13  train_loss=0.0449  val_auc=0.7002
19:23:41 | INFO    |   [imagenet] fold 2 epoch 14  train_loss=0.0431  val_auc=0.6775
19:23:42 | INFO    |   [imagenet] fold 2 epoch 15  train_loss=0.0415  val_auc=0.6839
19:23:43 | INFO    |   [imagenet] fold 2 epoch 16  train_loss=0.0388  val_auc=0.6875
19:23:44 | INFO    |   [imagenet] fold 2 epoch 17  train_loss=0.0236  val_auc=0.7328
19:23:45 | INFO    |   [imagenet] fold 2 epoch 18  train_loss=0.0335  val_auc=0.7101
19:23:45 | INFO    |   [imagenet] fold 2 early stop @ epoch 18
19:23:46 | INFO    | [weights:imagenet] cargados=318  omitidos_por_shape=0  faltantes_en_fuente=2  no_usados_de_fuente=0
19:23:47 | INFO    |   [imagenet] fold 3 epoch 0  train_loss=0.4730  val_auc=0.5359
19:23:48 | INFO    |   [imagenet] fold 3 epoch 1  train_loss=0.4646  val_auc=0.5288
19:23:49 | INFO    |   [imagenet] fold 3 epoch 2  train_loss=0.4555  val_auc=0.4408
19:23:50 | INFO    |   [imagenet] fold 3 epoch 3  train_loss=0.4403  val_auc=0.4034
19:23:52 | INFO    |   [imagenet] fold 3 epoch 4  train_loss=0.4182  val_auc=0.5683
19:23:53 | INFO    |   [imagenet] fold 3 epoch 5  train_loss=0.3823  val_auc=0.6724
19:23:54 | INFO    |   [imagenet] fold 3 epoch 6  train_loss=0.3195  val_auc=0.6754
19:23:55 | INFO    |   [imagenet] fold 3 epoch 7  train_loss=0.2343  val_auc=0.6653
19:23:56 | INFO    |   [imagenet] fold 3 epoch 8  train_loss=0.1596  val_auc=0.6279
19:23:57 | INFO    |   [imagenet] fold 3 epoch 9  train_loss=0.1045  val_auc=0.6643
19:23:58 | INFO    |   [imagenet] fold 3 epoch 10  train_loss=0.0818  val_auc=0.6249
19:23:59 | INFO    |   [imagenet] fold 3 epoch 11  train_loss=0.0586  val_auc=0.7007
19:24:01 | INFO    |   [imagenet] fold 3 epoch 12  train_loss=0.0462  val_auc=0.6512
19:24:02 | INFO    |   [imagenet] fold 3 epoch 13  train_loss=0.0386  val_auc=0.6067
19:24:03 | INFO    |   [imagenet] fold 3 epoch 14  train_loss=0.0467  val_auc=0.6117
19:24:04 | INFO    |   [imagenet] fold 3 epoch 15  train_loss=0.0412  val_auc=0.7088
19:24:05 | INFO    |   [imagenet] fold 3 epoch 16  train_loss=0.0428  val_auc=0.6532
19:24:06 | INFO    |   [imagenet] fold 3 epoch 17  train_loss=0.0311  val_auc=0.6582
19:24:07 | INFO    |   [imagenet] fold 3 epoch 18  train_loss=0.0384  val_auc=0.5056
19:24:08 | INFO    |   [imagenet] fold 3 epoch 19  train_loss=0.0274  val_auc=0.6148
19:24:10 | INFO    |   [imagenet] fold 3 epoch 20  train_loss=0.0462  val_auc=0.5298
19:24:11 | INFO    |   [imagenet] fold 3 epoch 21  train_loss=0.0624  val_auc=0.5470
19:24:12 | INFO    |   [imagenet] fold 3 epoch 22  train_loss=0.0570  val_auc=0.6471
19:24:12 | INFO    |   [imagenet] fold 3 early stop @ epoch 22
19:24:12 | INFO    | [weights:imagenet] cargados=318  omitidos_por_shape=0  faltantes_en_fuente=2  no_usados_de_fuente=0
19:24:14 | INFO    |   [imagenet] fold 4 epoch 0  train_loss=0.4790  val_auc=0.4196
19:24:15 | INFO    |   [imagenet] fold 4 epoch 1  train_loss=0.4683  val_auc=0.4095
19:24:16 | INFO    |   [imagenet] fold 4 epoch 2  train_loss=0.4576  val_auc=0.6542
19:24:17 | INFO    |   [imagenet] fold 4 epoch 3  train_loss=0.4371  val_auc=0.6663
19:24:18 | INFO    |   [imagenet] fold 4 epoch 4  train_loss=0.4113  val_auc=0.6259
19:24:19 | INFO    |   [imagenet] fold 4 epoch 5  train_loss=0.3756  val_auc=0.6633
19:24:20 | INFO    |   [imagenet] fold 4 epoch 6  train_loss=0.3235  val_auc=0.6724
19:24:21 | INFO    |   [imagenet] fold 4 epoch 7  train_loss=0.2421  val_auc=0.6845
19:24:23 | INFO    |   [imagenet] fold 4 epoch 8  train_loss=0.1793  val_auc=0.6097
19:24:24 | INFO    |   [imagenet] fold 4 epoch 9  train_loss=0.1166  val_auc=0.6299
19:24:25 | INFO    |   [imagenet] fold 4 epoch 10  train_loss=0.0787  val_auc=0.6684
19:24:26 | INFO    |   [imagenet] fold 4 epoch 11  train_loss=0.0580  val_auc=0.6522
19:24:27 | INFO    |   [imagenet] fold 4 epoch 12  train_loss=0.0428  val_auc=0.6451
19:24:28 | INFO    |   [imagenet] fold 4 epoch 13  train_loss=0.0327  val_auc=0.6987
19:24:29 | INFO    |   [imagenet] fold 4 epoch 14  train_loss=0.0314  val_auc=0.7624
19:24:30 | INFO    |   [imagenet] fold 4 epoch 15  train_loss=0.0287  val_auc=0.7422
19:24:31 | INFO    |   [imagenet] fold 4 epoch 16  train_loss=0.0312  val_auc=0.6572
19:24:32 | INFO    |   [imagenet] fold 4 epoch 17  train_loss=0.0353  val_auc=0.6684
19:24:34 | INFO    |   [imagenet] fold 4 epoch 18  train_loss=0.0404  val_auc=0.6532
19:24:35 | INFO    |   [imagenet] fold 4 epoch 19  train_loss=0.0306  val_auc=0.5622
19:24:36 | INFO    |   [imagenet] fold 4 epoch 20  train_loss=0.0262  val_auc=0.5683
19:24:37 | INFO    |   [imagenet] fold 4 epoch 21  train_loss=0.0198  val_auc=0.6461
19:24:37 | INFO    |   [imagenet] fold 4 early stop @ epoch 21
19:24:37 | INFO    | [imagenet] OOF  AUROC=0.6811  AUPRC=0.8025  prev=0.674  n_knees=190
19:24:37 | INFO    | ===== Comparador: random =====
19:24:37 | INFO    | [weights:random] backbone inicializado aleatoriamente (sin carga).
19:24:38 | INFO    |   [random] fold 0 epoch 0  train_loss=0.4819  val_auc=0.5178
19:24:40 | INFO    |   [random] fold 0 epoch 1  train_loss=0.4406  val_auc=0.5543
19:24:41 | INFO    |   [random] fold 0 epoch 2  train_loss=0.4169  val_auc=0.5613
19:24:42 | INFO    |   [random] fold 0 epoch 3  train_loss=0.4052  val_auc=0.4872
19:24:43 | INFO    |   [random] fold 0 epoch 4  train_loss=0.3690  val_auc=0.4753
19:24:44 | INFO    |   [random] fold 0 epoch 5  train_loss=0.3800  val_auc=0.4753
19:24:45 | INFO    |   [random] fold 0 epoch 6  train_loss=0.3332  val_auc=0.4832
19:24:47 | INFO    |   [random] fold 0 epoch 7  train_loss=0.3023  val_auc=0.4595
19:24:48 | INFO    |   [random] fold 0 epoch 8  train_loss=0.2865  val_auc=0.4466
19:24:49 | INFO    |   [random] fold 0 epoch 9  train_loss=0.2276  val_auc=0.4595
19:24:49 | INFO    |   [random] fold 0 early stop @ epoch 9
19:24:49 | INFO    | [weights:random] backbone inicializado aleatoriamente (sin carga).
19:24:50 | INFO    |   [random] fold 1 epoch 0  train_loss=0.4820  val_auc=0.6877
19:24:51 | INFO    |   [random] fold 1 epoch 1  train_loss=0.4441  val_auc=0.6364
19:24:52 | INFO    |   [random] fold 1 epoch 2  train_loss=0.4124  val_auc=0.6314
19:24:54 | INFO    |   [random] fold 1 epoch 3  train_loss=0.3833  val_auc=0.6423
19:24:55 | INFO    |   [random] fold 1 epoch 4  train_loss=0.3607  val_auc=0.5850
19:24:56 | INFO    |   [random] fold 1 epoch 5  train_loss=0.3488  val_auc=0.5257
19:24:57 | INFO    |   [random] fold 1 epoch 6  train_loss=0.2970  val_auc=0.5464
19:24:58 | INFO    |   [random] fold 1 epoch 7  train_loss=0.2612  val_auc=0.6275
19:24:58 | INFO    |   [random] fold 1 early stop @ epoch 7
19:24:58 | INFO    | [weights:random] backbone inicializado aleatoriamente (sin carga).
19:24:59 | INFO    |   [random] fold 2 epoch 0  train_loss=0.4745  val_auc=0.5136
19:25:01 | INFO    |   [random] fold 2 epoch 1  train_loss=0.4597  val_auc=0.6812
19:25:02 | INFO    |   [random] fold 2 epoch 2  train_loss=0.4220  val_auc=0.6857
19:25:03 | INFO    |   [random] fold 2 epoch 3  train_loss=0.4121  val_auc=0.6332
19:25:04 | INFO    |   [random] fold 2 epoch 4  train_loss=0.3789  val_auc=0.6042
19:25:05 | INFO    |   [random] fold 2 epoch 5  train_loss=0.3505  val_auc=0.6386
19:25:06 | INFO    |   [random] fold 2 epoch 6  train_loss=0.3142  val_auc=0.6386
19:25:08 | INFO    |   [random] fold 2 epoch 7  train_loss=0.2825  val_auc=0.6784
19:25:09 | INFO    |   [random] fold 2 epoch 8  train_loss=0.1854  val_auc=0.5824
19:25:10 | INFO    |   [random] fold 2 epoch 9  train_loss=0.1311  val_auc=0.6232
19:25:10 | INFO    |   [random] fold 2 early stop @ epoch 9
19:25:10 | INFO    | [weights:random] backbone inicializado aleatoriamente (sin carga).
19:25:11 | INFO    |   [random] fold 3 epoch 0  train_loss=0.4813  val_auc=0.6309
19:25:13 | INFO    |   [random] fold 3 epoch 1  train_loss=0.4473  val_auc=0.6603
19:25:14 | INFO    |   [random] fold 3 epoch 2  train_loss=0.4283  val_auc=0.6006
19:25:15 | INFO    |   [random] fold 3 epoch 3  train_loss=0.4052  val_auc=0.6441
19:25:16 | INFO    |   [random] fold 3 epoch 4  train_loss=0.3987  val_auc=0.6370
19:25:17 | INFO    |   [random] fold 3 epoch 5  train_loss=0.3702  val_auc=0.5723
19:25:18 | INFO    |   [random] fold 3 epoch 6  train_loss=0.3343  val_auc=0.6502
19:25:20 | INFO    |   [random] fold 3 epoch 7  train_loss=0.2872  val_auc=0.5298
19:25:21 | INFO    |   [random] fold 3 epoch 8  train_loss=0.2399  val_auc=0.5713
19:25:21 | INFO    |   [random] fold 3 early stop @ epoch 8
19:25:21 | INFO    | [weights:random] backbone inicializado aleatoriamente (sin carga).
19:25:22 | INFO    |   [random] fold 4 epoch 0  train_loss=0.4788  val_auc=0.5662
19:25:23 | INFO    |   [random] fold 4 epoch 1  train_loss=0.4445  val_auc=0.5197
19:25:24 | INFO    |   [random] fold 4 epoch 2  train_loss=0.4207  val_auc=0.5116
19:25:26 | INFO    |   [random] fold 4 epoch 3  train_loss=0.4112  val_auc=0.5096
19:25:27 | INFO    |   [random] fold 4 epoch 4  train_loss=0.3681  val_auc=0.4995
19:25:28 | INFO    |   [random] fold 4 epoch 5  train_loss=0.3386  val_auc=0.5996
19:25:29 | INFO    |   [random] fold 4 epoch 6  train_loss=0.3094  val_auc=0.5652
19:25:30 | INFO    |   [random] fold 4 epoch 7  train_loss=0.2570  val_auc=0.5794
19:25:31 | INFO    |   [random] fold 4 epoch 8  train_loss=0.2374  val_auc=0.5359
19:25:32 | INFO    |   [random] fold 4 epoch 9  train_loss=0.1597  val_auc=0.5672
19:25:33 | INFO    |   [random] fold 4 epoch 10  train_loss=0.0980  val_auc=0.5106
19:25:34 | INFO    |   [random] fold 4 epoch 11  train_loss=0.0911  val_auc=0.5683
19:25:36 | INFO    |   [random] fold 4 epoch 12  train_loss=0.1237  val_auc=0.5035
19:25:36 | INFO    |   [random] fold 4 early stop @ epoch 12
19:25:36 | INFO    | [random] OOF  AUROC=0.5282  AUPRC=0.6902  prev=0.674  n_knees=190
19:25:40 | INFO    | ΔAUROC radimagenet-imagenet: obs=+0.0025  IC95%=[-0.0909, +0.0971]  (boot=2000, pacientes=186)
19:25:45 | INFO    | ΔAUROC radimagenet-random: obs=+0.1554  IC95%=[+0.0743, +0.2401]  (boot=2000, pacientes=186)
19:25:50 | INFO    | ΔAUROC imagenet-random: obs=+0.1528  IC95%=[+0.0412, +0.2581]  (boot=2000, pacientes=186)
19:25:50 | INFO    | Artefactos en: ./outputs/contingency_100
19:25:50 | INFO    | DONE.
