19:50:24 | INFO    | device=cuda  run=tuning_100  mode=real
19:54:28 | INFO    | index: 419 vistas | 190 rodillas | 186 pacientes | mixtos=[92, 112, 133, 147]
19:54:28 | INFO    | SMOKE: usando solo el fold 0
19:54:28 | INFO    | ===== Comparador: radimagenet =====
19:54:29 | INFO    | [weights:radimagenet] cargados=318  omitidos_por_shape=0  faltantes_en_fuente=2  no_usados_de_fuente=0
19:57:55 | INFO    |   [radimagenet] fold 0 epoch 0  train_loss=0.4869  val_auc=0.4664
19:57:56 | INFO    |   [radimagenet] fold 0 epoch 1  train_loss=0.4783  val_auc=0.3093
19:57:57 | INFO    |   [radimagenet] fold 0 epoch 2  train_loss=0.4787  val_auc=0.4476
19:57:59 | INFO    |   [radimagenet] fold 0 epoch 3  train_loss=0.4674  val_auc=0.4674
19:58:00 | INFO    |   [radimagenet] fold 0 epoch 4  train_loss=0.4736  val_auc=0.4921
19:58:01 | INFO    |   [radimagenet] fold 0 epoch 5  train_loss=0.4688  val_auc=0.4763
19:58:03 | INFO    |   [radimagenet] fold 0 epoch 6  train_loss=0.4787  val_auc=0.4990
19:58:04 | INFO    |   [radimagenet] fold 0 epoch 7  train_loss=0.4742  val_auc=0.5030
19:58:06 | INFO    |   [radimagenet] fold 0 epoch 8  train_loss=0.4718  val_auc=0.4941
19:58:08 | INFO    |   [radimagenet] fold 0 epoch 9  train_loss=0.4743  val_auc=0.4852
19:58:09 | INFO    |   [radimagenet] fold 0 epoch 10  train_loss=0.4696  val_auc=0.5020
19:58:10 | INFO    |   [radimagenet] fold 0 epoch 11  train_loss=0.4656  val_auc=0.5168
19:58:12 | INFO    |   [radimagenet] fold 0 epoch 12  train_loss=0.4600  val_auc=0.5316
19:58:13 | INFO    |   [radimagenet] fold 0 epoch 13  train_loss=0.4600  val_auc=0.5435
19:58:15 | INFO    |   [radimagenet] fold 0 epoch 14  train_loss=0.4556  val_auc=0.5346
19:58:16 | INFO    |   [radimagenet] fold 0 epoch 15  train_loss=0.4537  val_auc=0.5435
19:58:17 | INFO    |   [radimagenet] fold 0 epoch 16  train_loss=0.4445  val_auc=0.5464
19:58:19 | INFO    |   [radimagenet] fold 0 epoch 17  train_loss=0.4492  val_auc=0.5445
19:58:20 | INFO    |   [radimagenet] fold 0 epoch 18  train_loss=0.4498  val_auc=0.5563
19:58:21 | INFO    |   [radimagenet] fold 0 epoch 19  train_loss=0.4449  val_auc=0.5662
19:58:23 | INFO    |   [radimagenet] fold 0 epoch 20  train_loss=0.4374  val_auc=0.5771
19:58:24 | INFO    |   [radimagenet] fold 0 epoch 21  train_loss=0.4255  val_auc=0.5988
19:58:26 | INFO    |   [radimagenet] fold 0 epoch 22  train_loss=0.4217  val_auc=0.5958
19:58:28 | INFO    |   [radimagenet] fold 0 epoch 23  train_loss=0.4194  val_auc=0.5899
19:58:29 | INFO    |   [radimagenet] fold 0 epoch 24  train_loss=0.4034  val_auc=0.5919
19:58:30 | INFO    |   [radimagenet] fold 0 epoch 25  train_loss=0.4012  val_auc=0.5949
19:58:32 | INFO    |   [radimagenet] fold 0 epoch 26  train_loss=0.3947  val_auc=0.6136
19:58:33 | INFO    |   [radimagenet] fold 0 epoch 27  train_loss=0.4018  val_auc=0.6077
19:58:35 | INFO    |   [radimagenet] fold 0 epoch 28  train_loss=0.3960  val_auc=0.5949
19:58:36 | INFO    |   [radimagenet] fold 0 epoch 29  train_loss=0.3852  val_auc=0.5958
19:58:37 | INFO    |   [radimagenet] fold 0 epoch 30  train_loss=0.3703  val_auc=0.6097
19:58:39 | INFO    |   [radimagenet] fold 0 epoch 31  train_loss=0.3712  val_auc=0.6047
19:58:40 | INFO    |   [radimagenet] fold 0 epoch 32  train_loss=0.3658  val_auc=0.6038
19:58:41 | INFO    |   [radimagenet] fold 0 epoch 33  train_loss=0.3348  val_auc=0.5958
19:58:43 | INFO    |   [radimagenet] fold 0 epoch 34  train_loss=0.3254  val_auc=0.5919
19:58:44 | INFO    |   [radimagenet] fold 0 epoch 35  train_loss=0.3309  val_auc=0.5919
19:58:45 | INFO    |   [radimagenet] fold 0 epoch 36  train_loss=0.3082  val_auc=0.6018
19:58:47 | INFO    |   [radimagenet] fold 0 epoch 37  train_loss=0.3167  val_auc=0.6047
19:58:49 | INFO    |   [radimagenet] fold 0 epoch 38  train_loss=0.3185  val_auc=0.6117
19:58:49 | INFO    |   [radimagenet] fold 0 early stop @ epoch 38
19:59:19 | INFO    | [radimagenet] OOF  AUROC=0.7604  AUPRC=0.8727  prev=0.667  n_knees=39
19:59:19 | INFO    | ===== Comparador: imagenet =====
19:59:19 | INFO    | [weights:imagenet] cargados=318  omitidos_por_shape=0  faltantes_en_fuente=2  no_usados_de_fuente=0
19:59:20 | INFO    |   [imagenet] fold 0 epoch 0  train_loss=0.4778  val_auc=0.5346
19:59:22 | INFO    |   [imagenet] fold 0 epoch 1  train_loss=0.4774  val_auc=0.5810
19:59:23 | INFO    |   [imagenet] fold 0 epoch 2  train_loss=0.4738  val_auc=0.5879
19:59:25 | INFO    |   [imagenet] fold 0 epoch 3  train_loss=0.4757  val_auc=0.5919
19:59:26 | INFO    |   [imagenet] fold 0 epoch 4  train_loss=0.4756  val_auc=0.6591
19:59:27 | INFO    |   [imagenet] fold 0 epoch 5  train_loss=0.4754  val_auc=0.5879
19:59:30 | INFO    |   [imagenet] fold 0 epoch 6  train_loss=0.4738  val_auc=0.6206
19:59:31 | INFO    |   [imagenet] fold 0 epoch 7  train_loss=0.4704  val_auc=0.5879
19:59:33 | INFO    |   [imagenet] fold 0 epoch 8  train_loss=0.4695  val_auc=0.5504
19:59:34 | INFO    |   [imagenet] fold 0 epoch 9  train_loss=0.4686  val_auc=0.5850
19:59:35 | INFO    |   [imagenet] fold 0 epoch 10  train_loss=0.4643  val_auc=0.5830
19:59:37 | INFO    |   [imagenet] fold 0 epoch 11  train_loss=0.4681  val_auc=0.6186
19:59:38 | INFO    |   [imagenet] fold 0 epoch 12  train_loss=0.4668  val_auc=0.5702
19:59:40 | INFO    |   [imagenet] fold 0 epoch 13  train_loss=0.4631  val_auc=0.6097
19:59:41 | INFO    |   [imagenet] fold 0 epoch 14  train_loss=0.4629  val_auc=0.5968
19:59:43 | INFO    |   [imagenet] fold 0 epoch 15  train_loss=0.4610  val_auc=0.6018
19:59:44 | INFO    |   [imagenet] fold 0 epoch 16  train_loss=0.4599  val_auc=0.6206
19:59:44 | INFO    |   [imagenet] fold 0 early stop @ epoch 16
19:59:44 | INFO    | [imagenet] OOF  AUROC=0.4556  AUPRC=0.6594  prev=0.667  n_knees=39
19:59:44 | INFO    | ===== Comparador: random =====
19:59:44 | INFO    | [weights:random] backbone inicializado aleatoriamente (sin carga).
19:59:46 | INFO    |   [random] fold 0 epoch 0  train_loss=0.4863  val_auc=0.5178
19:59:47 | INFO    |   [random] fold 0 epoch 1  train_loss=0.4692  val_auc=0.5593
19:59:48 | INFO    |   [random] fold 0 epoch 2  train_loss=0.4733  val_auc=0.5494
19:59:50 | INFO    |   [random] fold 0 epoch 3  train_loss=0.4661  val_auc=0.5336
19:59:52 | INFO    |   [random] fold 0 epoch 4  train_loss=0.4622  val_auc=0.5445
19:59:53 | INFO    |   [random] fold 0 epoch 5  train_loss=0.4616  val_auc=0.5553
19:59:55 | INFO    |   [random] fold 0 epoch 6  train_loss=0.4678  val_auc=0.5573
19:59:56 | INFO    |   [random] fold 0 epoch 7  train_loss=0.4615  val_auc=0.5702
19:59:57 | INFO    |   [random] fold 0 epoch 8  train_loss=0.4622  val_auc=0.5632
19:59:59 | INFO    |   [random] fold 0 epoch 9  train_loss=0.4662  val_auc=0.5455
20:00:00 | INFO    |   [random] fold 0 epoch 10  train_loss=0.4550  val_auc=0.5593
20:00:02 | INFO    |   [random] fold 0 epoch 11  train_loss=0.4560  val_auc=0.5435
20:00:03 | INFO    |   [random] fold 0 epoch 12  train_loss=0.4509  val_auc=0.5711
20:00:04 | INFO    |   [random] fold 0 epoch 13  train_loss=0.4532  val_auc=0.5682
20:00:06 | INFO    |   [random] fold 0 epoch 14  train_loss=0.4467  val_auc=0.5534
20:00:07 | INFO    |   [random] fold 0 epoch 15  train_loss=0.4503  val_auc=0.5464
20:00:08 | INFO    |   [random] fold 0 epoch 16  train_loss=0.4518  val_auc=0.5543
20:00:10 | INFO    |   [random] fold 0 epoch 17  train_loss=0.4498  val_auc=0.5613
20:00:11 | INFO    |   [random] fold 0 epoch 18  train_loss=0.4541  val_auc=0.5583
20:00:13 | INFO    |   [random] fold 0 epoch 19  train_loss=0.4381  val_auc=0.5375
20:00:14 | INFO    |   [random] fold 0 epoch 20  train_loss=0.4558  val_auc=0.5227
20:00:16 | INFO    |   [random] fold 0 epoch 21  train_loss=0.4419  val_auc=0.5534
20:00:17 | INFO    |   [random] fold 0 epoch 22  train_loss=0.4380  val_auc=0.5800
20:00:18 | INFO    |   [random] fold 0 epoch 23  train_loss=0.4424  val_auc=0.5998
20:00:20 | INFO    |   [random] fold 0 epoch 24  train_loss=0.4449  val_auc=0.6018
20:00:21 | INFO    |   [random] fold 0 epoch 25  train_loss=0.4340  val_auc=0.5613
20:00:23 | INFO    |   [random] fold 0 epoch 26  train_loss=0.4427  val_auc=0.5642
20:00:24 | INFO    |   [random] fold 0 epoch 27  train_loss=0.4372  val_auc=0.5623
20:00:25 | INFO    |   [random] fold 0 epoch 28  train_loss=0.4292  val_auc=0.5751
20:00:27 | INFO    |   [random] fold 0 epoch 29  train_loss=0.4378  val_auc=0.5711
20:00:28 | INFO    |   [random] fold 0 epoch 30  train_loss=0.4208  val_auc=0.5603
20:00:30 | INFO    |   [random] fold 0 epoch 31  train_loss=0.4288  val_auc=0.5781
20:00:31 | INFO    |   [random] fold 0 epoch 32  train_loss=0.4189  val_auc=0.5781
20:00:33 | INFO    |   [random] fold 0 epoch 33  train_loss=0.3996  val_auc=0.5781
20:00:34 | INFO    |   [random] fold 0 epoch 34  train_loss=0.4147  val_auc=0.5534
20:00:36 | INFO    |   [random] fold 0 epoch 35  train_loss=0.4191  val_auc=0.5543
20:00:37 | INFO    |   [random] fold 0 epoch 36  train_loss=0.4173  val_auc=0.5850
20:00:37 | INFO    |   [random] fold 0 early stop @ epoch 36
20:00:37 | INFO    | [random] OOF  AUROC=0.5533  AUPRC=0.6810  prev=0.667  n_knees=39
20:00:41 | INFO    | ΔAUROC radimagenet-imagenet: obs=+0.3047  IC95%=[+0.0997, +0.5053]  (boot=2000, pacientes=38)
20:00:46 | INFO    | ΔAUROC radimagenet-random: obs=+0.2071  IC95%=[+0.0714, +0.3698]  (boot=2000, pacientes=38)
20:00:50 | INFO    | ΔAUROC imagenet-random: obs=-0.0976  IC95%=[-0.3065, +0.1080]  (boot=2000, pacientes=38)
20:00:50 | INFO    | Artefactos en: ./outputs/tuning_100
20:00:50 | INFO    | DONE.
20:39:21 | INFO    | device=cuda  run=tuning_100  mode=real
20:43:25 | INFO    | index: 419 vistas | 190 rodillas | 186 pacientes | mixtos=[92, 112, 133, 147]
20:43:25 | INFO    | ===== Comparador: radimagenet =====
20:43:25 | INFO    | [weights:radimagenet] cargados=318  omitidos_por_shape=0  faltantes_en_fuente=2  no_usados_de_fuente=0
20:46:50 | INFO    |   [radimagenet] fold 0 epoch 0  train_loss=0.4863  val_auc=0.4802
20:46:51 | INFO    |   [radimagenet] fold 0 epoch 1  train_loss=0.4763  val_auc=0.3014
20:46:53 | INFO    |   [radimagenet] fold 0 epoch 2  train_loss=0.4754  val_auc=0.4348
20:46:54 | INFO    |   [radimagenet] fold 0 epoch 3  train_loss=0.4650  val_auc=0.4970
20:46:55 | INFO    |   [radimagenet] fold 0 epoch 4  train_loss=0.4696  val_auc=0.5030
20:46:57 | INFO    |   [radimagenet] fold 0 epoch 5  train_loss=0.4669  val_auc=0.5040
20:46:58 | INFO    |   [radimagenet] fold 0 epoch 6  train_loss=0.4710  val_auc=0.4941
20:47:00 | INFO    |   [radimagenet] fold 0 epoch 7  train_loss=0.4664  val_auc=0.4891
20:47:01 | INFO    |   [radimagenet] fold 0 epoch 8  train_loss=0.4625  val_auc=0.4812
20:47:02 | INFO    |   [radimagenet] fold 0 epoch 9  train_loss=0.4604  val_auc=0.5030
20:47:04 | INFO    |   [radimagenet] fold 0 epoch 10  train_loss=0.4500  val_auc=0.5939
20:47:05 | INFO    |   [radimagenet] fold 0 epoch 11  train_loss=0.4440  val_auc=0.5939
20:47:06 | INFO    |   [radimagenet] fold 0 epoch 12  train_loss=0.4254  val_auc=0.6383
20:47:08 | INFO    |   [radimagenet] fold 0 epoch 13  train_loss=0.4172  val_auc=0.6344
20:47:10 | INFO    |   [radimagenet] fold 0 epoch 14  train_loss=0.4041  val_auc=0.6393
20:47:11 | INFO    |   [radimagenet] fold 0 epoch 15  train_loss=0.4068  val_auc=0.6245
20:47:12 | INFO    |   [radimagenet] fold 0 epoch 16  train_loss=0.3679  val_auc=0.6087
20:47:14 | INFO    |   [radimagenet] fold 0 epoch 17  train_loss=0.3758  val_auc=0.6136
20:47:15 | INFO    |   [radimagenet] fold 0 epoch 18  train_loss=0.3652  val_auc=0.6136
20:47:17 | INFO    |   [radimagenet] fold 0 epoch 19  train_loss=0.3481  val_auc=0.6285
20:47:18 | INFO    |   [radimagenet] fold 0 epoch 20  train_loss=0.3178  val_auc=0.6008
20:47:19 | INFO    |   [radimagenet] fold 0 epoch 21  train_loss=0.3095  val_auc=0.6314
20:47:21 | INFO    |   [radimagenet] fold 0 epoch 22  train_loss=0.2854  val_auc=0.6294
20:47:22 | INFO    |   [radimagenet] fold 0 epoch 23  train_loss=0.2643  val_auc=0.6482
20:47:23 | INFO    |   [radimagenet] fold 0 epoch 24  train_loss=0.2461  val_auc=0.6383
20:47:25 | INFO    |   [radimagenet] fold 0 epoch 25  train_loss=0.2304  val_auc=0.6255
20:47:26 | INFO    |   [radimagenet] fold 0 epoch 26  train_loss=0.2338  val_auc=0.5879
20:47:27 | INFO    |   [radimagenet] fold 0 epoch 27  train_loss=0.2173  val_auc=0.5939
20:47:29 | INFO    |   [radimagenet] fold 0 epoch 28  train_loss=0.1962  val_auc=0.6186
20:47:31 | INFO    |   [radimagenet] fold 0 epoch 29  train_loss=0.1870  val_auc=0.6038
20:47:32 | INFO    |   [radimagenet] fold 0 epoch 30  train_loss=0.1524  val_auc=0.6117
20:47:33 | INFO    |   [radimagenet] fold 0 epoch 31  train_loss=0.1675  val_auc=0.6136
20:47:35 | INFO    |   [radimagenet] fold 0 epoch 32  train_loss=0.1531  val_auc=0.6304
20:47:36 | INFO    |   [radimagenet] fold 0 epoch 33  train_loss=0.1276  val_auc=0.6265
20:47:38 | INFO    |   [radimagenet] fold 0 epoch 34  train_loss=0.1222  val_auc=0.6423
20:47:39 | INFO    |   [radimagenet] fold 0 epoch 35  train_loss=0.1127  val_auc=0.6275
20:47:40 | INFO    |   [radimagenet] fold 0 epoch 36  train_loss=0.1006  val_auc=0.6285
20:47:42 | INFO    |   [radimagenet] fold 0 epoch 37  train_loss=0.1145  val_auc=0.6354
20:47:43 | INFO    |   [radimagenet] fold 0 epoch 38  train_loss=0.0952  val_auc=0.6225
20:47:43 | INFO    |   [radimagenet] fold 0 early stop @ epoch 38
20:48:13 | INFO    | [weights:radimagenet] cargados=318  omitidos_por_shape=0  faltantes_en_fuente=2  no_usados_de_fuente=0
20:48:14 | INFO    |   [radimagenet] fold 1 epoch 0  train_loss=0.4766  val_auc=0.4990
20:48:16 | INFO    |   [radimagenet] fold 1 epoch 1  train_loss=0.4634  val_auc=0.5484
20:48:17 | INFO    |   [radimagenet] fold 1 epoch 2  train_loss=0.4721  val_auc=0.5731
20:48:18 | INFO    |   [radimagenet] fold 1 epoch 3  train_loss=0.4771  val_auc=0.6789
20:48:20 | INFO    |   [radimagenet] fold 1 epoch 4  train_loss=0.4664  val_auc=0.6779
20:48:21 | INFO    |   [radimagenet] fold 1 epoch 5  train_loss=0.4630  val_auc=0.7263
20:48:23 | INFO    |   [radimagenet] fold 1 epoch 6  train_loss=0.4595  val_auc=0.7213
20:48:24 | INFO    |   [radimagenet] fold 1 epoch 7  train_loss=0.4589  val_auc=0.6897
20:48:25 | INFO    |   [radimagenet] fold 1 epoch 8  train_loss=0.4572  val_auc=0.6798
20:48:27 | INFO    |   [radimagenet] fold 1 epoch 9  train_loss=0.4411  val_auc=0.7065
20:48:28 | INFO    |   [radimagenet] fold 1 epoch 10  train_loss=0.4400  val_auc=0.7263
20:48:29 | INFO    |   [radimagenet] fold 1 epoch 11  train_loss=0.4203  val_auc=0.7352
20:48:31 | INFO    |   [radimagenet] fold 1 epoch 12  train_loss=0.4113  val_auc=0.7589
20:48:33 | INFO    |   [radimagenet] fold 1 epoch 13  train_loss=0.4065  val_auc=0.7589
20:48:34 | INFO    |   [radimagenet] fold 1 epoch 14  train_loss=0.3904  val_auc=0.7460
20:48:36 | INFO    |   [radimagenet] fold 1 epoch 15  train_loss=0.3760  val_auc=0.7451
20:48:37 | INFO    |   [radimagenet] fold 1 epoch 16  train_loss=0.3573  val_auc=0.7540
20:48:38 | INFO    |   [radimagenet] fold 1 epoch 17  train_loss=0.3479  val_auc=0.7213
20:48:40 | INFO    |   [radimagenet] fold 1 epoch 18  train_loss=0.3336  val_auc=0.7302
20:48:41 | INFO    |   [radimagenet] fold 1 epoch 19  train_loss=0.3298  val_auc=0.7708
20:48:43 | INFO    |   [radimagenet] fold 1 epoch 20  train_loss=0.3126  val_auc=0.7698
20:48:44 | INFO    |   [radimagenet] fold 1 epoch 21  train_loss=0.2931  val_auc=0.7421
20:48:45 | INFO    |   [radimagenet] fold 1 epoch 22  train_loss=0.2722  val_auc=0.7964
20:48:47 | INFO    |   [radimagenet] fold 1 epoch 23  train_loss=0.2547  val_auc=0.8014
20:48:48 | INFO    |   [radimagenet] fold 1 epoch 24  train_loss=0.2747  val_auc=0.7935
20:48:49 | INFO    |   [radimagenet] fold 1 epoch 25  train_loss=0.2245  val_auc=0.7767
20:48:51 | INFO    |   [radimagenet] fold 1 epoch 26  train_loss=0.2252  val_auc=0.7757
20:48:52 | INFO    |   [radimagenet] fold 1 epoch 27  train_loss=0.2071  val_auc=0.7816
20:48:54 | INFO    |   [radimagenet] fold 1 epoch 28  train_loss=0.1822  val_auc=0.7935
20:48:55 | INFO    |   [radimagenet] fold 1 epoch 29  train_loss=0.1722  val_auc=0.7895
20:48:57 | INFO    |   [radimagenet] fold 1 epoch 30  train_loss=0.1449  val_auc=0.7875
20:48:58 | INFO    |   [radimagenet] fold 1 epoch 31  train_loss=0.1571  val_auc=0.8043
20:49:00 | INFO    |   [radimagenet] fold 1 epoch 32  train_loss=0.1535  val_auc=0.8202
20:49:01 | INFO    |   [radimagenet] fold 1 epoch 33  train_loss=0.1203  val_auc=0.7925
20:49:02 | INFO    |   [radimagenet] fold 1 epoch 34  train_loss=0.1080  val_auc=0.7945
20:49:04 | INFO    |   [radimagenet] fold 1 epoch 35  train_loss=0.1072  val_auc=0.8043
20:49:05 | INFO    |   [radimagenet] fold 1 epoch 36  train_loss=0.0899  val_auc=0.7737
20:49:06 | INFO    |   [radimagenet] fold 1 epoch 37  train_loss=0.1002  val_auc=0.7964
20:49:08 | INFO    |   [radimagenet] fold 1 epoch 38  train_loss=0.0980  val_auc=0.8399
20:49:09 | INFO    |   [radimagenet] fold 1 epoch 39  train_loss=0.0931  val_auc=0.8231
20:49:10 | INFO    |   [radimagenet] fold 1 epoch 40  train_loss=0.0649  val_auc=0.8034
20:49:12 | INFO    |   [radimagenet] fold 1 epoch 41  train_loss=0.0959  val_auc=0.8132
20:49:13 | INFO    |   [radimagenet] fold 1 epoch 42  train_loss=0.0648  val_auc=0.8231
20:49:15 | INFO    |   [radimagenet] fold 1 epoch 43  train_loss=0.0703  val_auc=0.8231
20:49:16 | INFO    |   [radimagenet] fold 1 epoch 44  train_loss=0.0672  val_auc=0.8300
20:49:18 | INFO    |   [radimagenet] fold 1 epoch 45  train_loss=0.0565  val_auc=0.8073
20:49:19 | INFO    |   [radimagenet] fold 1 epoch 46  train_loss=0.0569  val_auc=0.7984
20:49:21 | INFO    |   [radimagenet] fold 1 epoch 47  train_loss=0.0464  val_auc=0.8103
20:49:22 | INFO    |   [radimagenet] fold 1 epoch 48  train_loss=0.0614  val_auc=0.8043
20:49:23 | INFO    |   [radimagenet] fold 1 epoch 49  train_loss=0.0399  val_auc=0.8053
20:49:25 | INFO    |   [radimagenet] fold 1 epoch 50  train_loss=0.0449  val_auc=0.8132
20:49:26 | INFO    |   [radimagenet] fold 1 epoch 51  train_loss=0.0540  val_auc=0.8291
20:49:27 | INFO    |   [radimagenet] fold 1 epoch 52  train_loss=0.0412  val_auc=0.8281
20:49:29 | INFO    |   [radimagenet] fold 1 epoch 53  train_loss=0.0289  val_auc=0.8330
20:49:29 | INFO    |   [radimagenet] fold 1 early stop @ epoch 53
20:49:29 | INFO    | [weights:radimagenet] cargados=318  omitidos_por_shape=0  faltantes_en_fuente=2  no_usados_de_fuente=0
20:49:30 | INFO    |   [radimagenet] fold 2 epoch 0  train_loss=0.4799  val_auc=0.5824
20:49:32 | INFO    |   [radimagenet] fold 2 epoch 1  train_loss=0.4839  val_auc=0.6132
20:49:33 | INFO    |   [radimagenet] fold 2 epoch 2  train_loss=0.4770  val_auc=0.6214
20:49:35 | INFO    |   [radimagenet] fold 2 epoch 3  train_loss=0.4789  val_auc=0.6875
20:49:36 | INFO    |   [radimagenet] fold 2 epoch 4  train_loss=0.4703  val_auc=0.6857
20:49:38 | INFO    |   [radimagenet] fold 2 epoch 5  train_loss=0.4695  val_auc=0.7337
20:49:39 | INFO    |   [radimagenet] fold 2 epoch 6  train_loss=0.4654  val_auc=0.7255
20:49:41 | INFO    |   [radimagenet] fold 2 epoch 7  train_loss=0.4769  val_auc=0.8016
20:49:42 | INFO    |   [radimagenet] fold 2 epoch 8  train_loss=0.4498  val_auc=0.7736
20:49:44 | INFO    |   [radimagenet] fold 2 epoch 9  train_loss=0.4554  val_auc=0.7690
20:49:45 | INFO    |   [radimagenet] fold 2 epoch 10  train_loss=0.4517  val_auc=0.7754
20:49:46 | INFO    |   [radimagenet] fold 2 epoch 11  train_loss=0.4468  val_auc=0.8080
20:49:48 | INFO    |   [radimagenet] fold 2 epoch 12  train_loss=0.4447  val_auc=0.8197
20:49:49 | INFO    |   [radimagenet] fold 2 epoch 13  train_loss=0.4416  val_auc=0.7917
20:49:50 | INFO    |   [radimagenet] fold 2 epoch 14  train_loss=0.4205  val_auc=0.8116
20:49:52 | INFO    |   [radimagenet] fold 2 epoch 15  train_loss=0.4127  val_auc=0.8270
20:49:53 | INFO    |   [radimagenet] fold 2 epoch 16  train_loss=0.4041  val_auc=0.7500
20:49:54 | INFO    |   [radimagenet] fold 2 epoch 17  train_loss=0.3835  val_auc=0.8034
20:49:56 | INFO    |   [radimagenet] fold 2 epoch 18  train_loss=0.3593  val_auc=0.7880
20:49:58 | INFO    |   [radimagenet] fold 2 epoch 19  train_loss=0.3532  val_auc=0.7826
20:49:59 | INFO    |   [radimagenet] fold 2 epoch 20  train_loss=0.3373  val_auc=0.7899
20:50:01 | INFO    |   [radimagenet] fold 2 epoch 21  train_loss=0.2977  val_auc=0.7835
20:50:02 | INFO    |   [radimagenet] fold 2 epoch 22  train_loss=0.2957  val_auc=0.8234
20:50:03 | INFO    |   [radimagenet] fold 2 epoch 23  train_loss=0.2640  val_auc=0.8062
20:50:05 | INFO    |   [radimagenet] fold 2 epoch 24  train_loss=0.2969  val_auc=0.8116
20:50:06 | INFO    |   [radimagenet] fold 2 epoch 25  train_loss=0.2456  val_auc=0.8125
20:50:07 | INFO    |   [radimagenet] fold 2 epoch 26  train_loss=0.2321  val_auc=0.7736
20:50:09 | INFO    |   [radimagenet] fold 2 epoch 27  train_loss=0.2266  val_auc=0.7763
20:50:10 | INFO    |   [radimagenet] fold 2 epoch 28  train_loss=0.1989  val_auc=0.7799
20:50:11 | INFO    |   [radimagenet] fold 2 epoch 29  train_loss=0.1878  val_auc=0.7980
20:50:13 | INFO    |   [radimagenet] fold 2 epoch 30  train_loss=0.1552  val_auc=0.7962
20:50:13 | INFO    |   [radimagenet] fold 2 early stop @ epoch 30
20:50:13 | INFO    | [weights:radimagenet] cargados=318  omitidos_por_shape=0  faltantes_en_fuente=2  no_usados_de_fuente=0
20:50:15 | INFO    |   [radimagenet] fold 3 epoch 0  train_loss=0.4824  val_auc=0.5339
20:50:16 | INFO    |   [radimagenet] fold 3 epoch 1  train_loss=0.4783  val_auc=0.5642
20:50:18 | INFO    |   [radimagenet] fold 3 epoch 2  train_loss=0.4729  val_auc=0.5379
20:50:19 | INFO    |   [radimagenet] fold 3 epoch 3  train_loss=0.4725  val_auc=0.5521
20:50:21 | INFO    |   [radimagenet] fold 3 epoch 4  train_loss=0.4664  val_auc=0.6087
20:50:22 | INFO    |   [radimagenet] fold 3 epoch 5  train_loss=0.4684  val_auc=0.6411
20:50:24 | INFO    |   [radimagenet] fold 3 epoch 6  train_loss=0.4624  val_auc=0.5925
20:50:25 | INFO    |   [radimagenet] fold 3 epoch 7  train_loss=0.4688  val_auc=0.5804
20:50:26 | INFO    |   [radimagenet] fold 3 epoch 8  train_loss=0.4650  val_auc=0.5774
20:50:28 | INFO    |   [radimagenet] fold 3 epoch 9  train_loss=0.4636  val_auc=0.5329
20:50:29 | INFO    |   [radimagenet] fold 3 epoch 10  train_loss=0.4665  val_auc=0.5723
20:50:31 | INFO    |   [radimagenet] fold 3 epoch 11  train_loss=0.4604  val_auc=0.5238
20:50:32 | INFO    |   [radimagenet] fold 3 epoch 12  train_loss=0.4481  val_auc=0.4985
20:50:33 | INFO    |   [radimagenet] fold 3 epoch 13  train_loss=0.4529  val_auc=0.5501
20:50:35 | INFO    |   [radimagenet] fold 3 epoch 14  train_loss=0.4427  val_auc=0.5298
20:50:36 | INFO    |   [radimagenet] fold 3 epoch 15  train_loss=0.4486  val_auc=0.5865
20:50:38 | INFO    |   [radimagenet] fold 3 epoch 16  train_loss=0.4386  val_auc=0.5602
20:50:39 | INFO    |   [radimagenet] fold 3 epoch 17  train_loss=0.4157  val_auc=0.5652
20:50:41 | INFO    |   [radimagenet] fold 3 epoch 18  train_loss=0.4084  val_auc=0.5541
20:50:42 | INFO    |   [radimagenet] fold 3 epoch 19  train_loss=0.4023  val_auc=0.5652
20:50:44 | INFO    |   [radimagenet] fold 3 epoch 20  train_loss=0.3931  val_auc=0.5844
20:50:44 | INFO    |   [radimagenet] fold 3 early stop @ epoch 20
20:50:44 | INFO    | [weights:radimagenet] cargados=318  omitidos_por_shape=0  faltantes_en_fuente=2  no_usados_de_fuente=0
20:50:45 | INFO    |   [radimagenet] fold 4 epoch 0  train_loss=0.4884  val_auc=0.4874
20:50:47 | INFO    |   [radimagenet] fold 4 epoch 1  train_loss=0.4856  val_auc=0.5915
20:50:48 | INFO    |   [radimagenet] fold 4 epoch 2  train_loss=0.4755  val_auc=0.5652
20:50:50 | INFO    |   [radimagenet] fold 4 epoch 3  train_loss=0.4742  val_auc=0.5511
20:50:51 | INFO    |   [radimagenet] fold 4 epoch 4  train_loss=0.4770  val_auc=0.5784
20:50:52 | INFO    |   [radimagenet] fold 4 epoch 5  train_loss=0.4725  val_auc=0.5986
20:50:54 | INFO    |   [radimagenet] fold 4 epoch 6  train_loss=0.4653  val_auc=0.6097
20:50:55 | INFO    |   [radimagenet] fold 4 epoch 7  train_loss=0.4610  val_auc=0.6522
20:50:56 | INFO    |   [radimagenet] fold 4 epoch 8  train_loss=0.4593  val_auc=0.6370
20:50:58 | INFO    |   [radimagenet] fold 4 epoch 9  train_loss=0.4654  val_auc=0.6522
20:51:00 | INFO    |   [radimagenet] fold 4 epoch 10  train_loss=0.4621  val_auc=0.6855
20:51:01 | INFO    |   [radimagenet] fold 4 epoch 11  train_loss=0.4557  val_auc=0.6603
20:51:03 | INFO    |   [radimagenet] fold 4 epoch 12  train_loss=0.4551  val_auc=0.6542
20:51:04 | INFO    |   [radimagenet] fold 4 epoch 13  train_loss=0.4463  val_auc=0.7037
20:51:05 | INFO    |   [radimagenet] fold 4 epoch 14  train_loss=0.4325  val_auc=0.7290
20:51:07 | INFO    |   [radimagenet] fold 4 epoch 15  train_loss=0.4415  val_auc=0.7088
20:51:08 | INFO    |   [radimagenet] fold 4 epoch 16  train_loss=0.4205  val_auc=0.7209
20:51:10 | INFO    |   [radimagenet] fold 4 epoch 17  train_loss=0.4118  val_auc=0.7341
20:51:11 | INFO    |   [radimagenet] fold 4 epoch 18  train_loss=0.3990  val_auc=0.7189
20:51:12 | INFO    |   [radimagenet] fold 4 epoch 19  train_loss=0.3919  val_auc=0.7391
20:51:14 | INFO    |   [radimagenet] fold 4 epoch 20  train_loss=0.3914  val_auc=0.7260
20:51:15 | INFO    |   [radimagenet] fold 4 epoch 21  train_loss=0.3732  val_auc=0.7482
20:51:16 | INFO    |   [radimagenet] fold 4 epoch 22  train_loss=0.3618  val_auc=0.7664
20:51:18 | INFO    |   [radimagenet] fold 4 epoch 23  train_loss=0.3532  val_auc=0.8140
20:51:19 | INFO    |   [radimagenet] fold 4 epoch 24  train_loss=0.3208  val_auc=0.8069
20:51:21 | INFO    |   [radimagenet] fold 4 epoch 25  train_loss=0.3248  val_auc=0.7958
20:51:22 | INFO    |   [radimagenet] fold 4 epoch 26  train_loss=0.3037  val_auc=0.7988
20:51:24 | INFO    |   [radimagenet] fold 4 epoch 27  train_loss=0.3029  val_auc=0.7826
20:51:25 | INFO    |   [radimagenet] fold 4 epoch 28  train_loss=0.2760  val_auc=0.8099
20:51:27 | INFO    |   [radimagenet] fold 4 epoch 29  train_loss=0.2644  val_auc=0.8079
20:51:28 | INFO    |   [radimagenet] fold 4 epoch 30  train_loss=0.2530  val_auc=0.7978
20:51:29 | INFO    |   [radimagenet] fold 4 epoch 31  train_loss=0.2420  val_auc=0.8109
20:51:31 | INFO    |   [radimagenet] fold 4 epoch 32  train_loss=0.2137  val_auc=0.8241
20:51:32 | INFO    |   [radimagenet] fold 4 epoch 33  train_loss=0.2026  val_auc=0.8170
20:51:33 | INFO    |   [radimagenet] fold 4 epoch 34  train_loss=0.2045  val_auc=0.8079
20:51:35 | INFO    |   [radimagenet] fold 4 epoch 35  train_loss=0.1904  val_auc=0.8150
20:51:36 | INFO    |   [radimagenet] fold 4 epoch 36  train_loss=0.1663  val_auc=0.8584
20:51:37 | INFO    |   [radimagenet] fold 4 epoch 37  train_loss=0.1349  val_auc=0.8584
20:51:39 | INFO    |   [radimagenet] fold 4 epoch 38  train_loss=0.1445  val_auc=0.8089
20:51:40 | INFO    |   [radimagenet] fold 4 epoch 39  train_loss=0.1395  val_auc=0.8210
20:51:42 | INFO    |   [radimagenet] fold 4 epoch 40  train_loss=0.1468  val_auc=0.8301
20:51:44 | INFO    |   [radimagenet] fold 4 epoch 41  train_loss=0.1373  val_auc=0.8170
20:51:45 | INFO    |   [radimagenet] fold 4 epoch 42  train_loss=0.1155  val_auc=0.8362
20:51:46 | INFO    |   [radimagenet] fold 4 epoch 43  train_loss=0.0839  val_auc=0.8483
20:51:48 | INFO    |   [radimagenet] fold 4 epoch 44  train_loss=0.0924  val_auc=0.8686
20:51:49 | INFO    |   [radimagenet] fold 4 epoch 45  train_loss=0.1015  val_auc=0.8413
20:51:50 | INFO    |   [radimagenet] fold 4 epoch 46  train_loss=0.0816  val_auc=0.8392
20:51:52 | INFO    |   [radimagenet] fold 4 epoch 47  train_loss=0.0904  val_auc=0.8170
20:51:53 | INFO    |   [radimagenet] fold 4 epoch 48  train_loss=0.0933  val_auc=0.8150
20:51:55 | INFO    |   [radimagenet] fold 4 epoch 49  train_loss=0.0835  val_auc=0.7867
20:51:56 | INFO    |   [radimagenet] fold 4 epoch 50  train_loss=0.0830  val_auc=0.8119
20:51:57 | INFO    |   [radimagenet] fold 4 epoch 51  train_loss=0.0745  val_auc=0.7937
20:51:59 | INFO    |   [radimagenet] fold 4 epoch 52  train_loss=0.0578  val_auc=0.7988
20:52:00 | INFO    |   [radimagenet] fold 4 epoch 53  train_loss=0.0738  val_auc=0.7988
20:52:01 | INFO    |   [radimagenet] fold 4 epoch 54  train_loss=0.0658  val_auc=0.7634
20:52:03 | INFO    |   [radimagenet] fold 4 epoch 55  train_loss=0.0619  val_auc=0.7705
20:52:05 | INFO    |   [radimagenet] fold 4 epoch 56  train_loss=0.0634  val_auc=0.7674
20:52:06 | INFO    |   [radimagenet] fold 4 epoch 57  train_loss=0.0610  val_auc=0.7674
20:52:07 | INFO    |   [radimagenet] fold 4 epoch 58  train_loss=0.0495  val_auc=0.7836
20:52:09 | INFO    |   [radimagenet] fold 4 epoch 59  train_loss=0.0748  val_auc=0.8089
20:52:09 | INFO    |   [radimagenet] fold 4 early stop @ epoch 59
20:52:09 | INFO    | [radimagenet] OOF  AUROC=0.6711  AUPRC=0.8150  prev=0.674  n_knees=190
20:52:09 | INFO    | ===== Comparador: imagenet =====
20:52:10 | INFO    | [weights:imagenet] cargados=318  omitidos_por_shape=0  faltantes_en_fuente=2  no_usados_de_fuente=0
20:52:11 | INFO    |   [imagenet] fold 0 epoch 0  train_loss=0.4764  val_auc=0.5632
20:52:13 | INFO    |   [imagenet] fold 0 epoch 1  train_loss=0.4765  val_auc=0.4545
20:52:14 | INFO    |   [imagenet] fold 0 epoch 2  train_loss=0.4722  val_auc=0.5692
20:52:15 | INFO    |   [imagenet] fold 0 epoch 3  train_loss=0.4713  val_auc=0.6512
20:52:17 | INFO    |   [imagenet] fold 0 epoch 4  train_loss=0.4719  val_auc=0.5692
20:52:18 | INFO    |   [imagenet] fold 0 epoch 5  train_loss=0.4690  val_auc=0.6225
20:52:19 | INFO    |   [imagenet] fold 0 epoch 6  train_loss=0.4711  val_auc=0.5514
20:52:21 | INFO    |   [imagenet] fold 0 epoch 7  train_loss=0.4621  val_auc=0.6057
20:52:22 | INFO    |   [imagenet] fold 0 epoch 8  train_loss=0.4639  val_auc=0.5860
20:52:24 | INFO    |   [imagenet] fold 0 epoch 9  train_loss=0.4575  val_auc=0.6008
20:52:25 | INFO    |   [imagenet] fold 0 epoch 10  train_loss=0.4550  val_auc=0.7095
20:52:27 | INFO    |   [imagenet] fold 0 epoch 11  train_loss=0.4506  val_auc=0.6719
20:52:28 | INFO    |   [imagenet] fold 0 epoch 12  train_loss=0.4491  val_auc=0.6492
20:52:29 | INFO    |   [imagenet] fold 0 epoch 13  train_loss=0.4356  val_auc=0.6117
20:52:31 | INFO    |   [imagenet] fold 0 epoch 14  train_loss=0.4317  val_auc=0.6502
20:52:32 | INFO    |   [imagenet] fold 0 epoch 15  train_loss=0.4236  val_auc=0.6413
20:52:34 | INFO    |   [imagenet] fold 0 epoch 16  train_loss=0.4110  val_auc=0.6719
20:52:35 | INFO    |   [imagenet] fold 0 epoch 17  train_loss=0.4080  val_auc=0.7174
20:52:36 | INFO    |   [imagenet] fold 0 epoch 18  train_loss=0.3947  val_auc=0.6700
20:52:38 | INFO    |   [imagenet] fold 0 epoch 19  train_loss=0.3873  val_auc=0.7006
20:52:39 | INFO    |   [imagenet] fold 0 epoch 20  train_loss=0.3474  val_auc=0.7164
20:52:40 | INFO    |   [imagenet] fold 0 epoch 21  train_loss=0.3348  val_auc=0.7154
20:52:42 | INFO    |   [imagenet] fold 0 epoch 22  train_loss=0.3110  val_auc=0.6808
20:52:43 | INFO    |   [imagenet] fold 0 epoch 23  train_loss=0.2921  val_auc=0.6611
20:52:45 | INFO    |   [imagenet] fold 0 epoch 24  train_loss=0.2700  val_auc=0.7036
20:52:46 | INFO    |   [imagenet] fold 0 epoch 25  train_loss=0.2547  val_auc=0.7253
20:52:48 | INFO    |   [imagenet] fold 0 epoch 26  train_loss=0.1897  val_auc=0.7075
20:52:49 | INFO    |   [imagenet] fold 0 epoch 27  train_loss=0.1992  val_auc=0.7510
20:52:51 | INFO    |   [imagenet] fold 0 epoch 28  train_loss=0.1985  val_auc=0.7026
20:52:52 | INFO    |   [imagenet] fold 0 epoch 29  train_loss=0.1622  val_auc=0.6670
20:52:53 | INFO    |   [imagenet] fold 0 epoch 30  train_loss=0.1347  val_auc=0.6561
20:52:55 | INFO    |   [imagenet] fold 0 epoch 31  train_loss=0.1282  val_auc=0.6482
20:52:56 | INFO    |   [imagenet] fold 0 epoch 32  train_loss=0.1228  val_auc=0.6670
20:52:58 | INFO    |   [imagenet] fold 0 epoch 33  train_loss=0.1205  val_auc=0.7194
20:52:59 | INFO    |   [imagenet] fold 0 epoch 34  train_loss=0.1036  val_auc=0.7006
20:53:00 | INFO    |   [imagenet] fold 0 epoch 35  train_loss=0.1204  val_auc=0.7075
20:53:02 | INFO    |   [imagenet] fold 0 epoch 36  train_loss=0.0749  val_auc=0.7194
20:53:03 | INFO    |   [imagenet] fold 0 epoch 37  train_loss=0.0909  val_auc=0.7006
20:53:04 | INFO    |   [imagenet] fold 0 epoch 38  train_loss=0.0615  val_auc=0.6601
20:53:06 | INFO    |   [imagenet] fold 0 epoch 39  train_loss=0.0831  val_auc=0.6571
20:53:08 | INFO    |   [imagenet] fold 0 epoch 40  train_loss=0.0620  val_auc=0.6759
20:53:09 | INFO    |   [imagenet] fold 0 epoch 41  train_loss=0.0941  val_auc=0.7045
20:53:10 | INFO    |   [imagenet] fold 0 epoch 42  train_loss=0.0975  val_auc=0.7460
20:53:10 | INFO    |   [imagenet] fold 0 early stop @ epoch 42
20:53:11 | INFO    | [weights:imagenet] cargados=318  omitidos_por_shape=0  faltantes_en_fuente=2  no_usados_de_fuente=0
20:53:13 | INFO    |   [imagenet] fold 1 epoch 0  train_loss=0.4735  val_auc=0.6542
20:53:14 | INFO    |   [imagenet] fold 1 epoch 1  train_loss=0.4735  val_auc=0.7194
20:53:16 | INFO    |   [imagenet] fold 1 epoch 2  train_loss=0.4713  val_auc=0.6324
20:53:17 | INFO    |   [imagenet] fold 1 epoch 3  train_loss=0.4664  val_auc=0.6591
20:53:18 | INFO    |   [imagenet] fold 1 epoch 4  train_loss=0.4635  val_auc=0.7362
20:53:19 | INFO    |   [imagenet] fold 1 epoch 5  train_loss=0.4655  val_auc=0.7638
20:53:21 | INFO    |   [imagenet] fold 1 epoch 6  train_loss=0.4549  val_auc=0.7026
20:53:22 | INFO    |   [imagenet] fold 1 epoch 7  train_loss=0.4546  val_auc=0.7115
20:53:24 | INFO    |   [imagenet] fold 1 epoch 8  train_loss=0.4492  val_auc=0.6650
20:53:25 | INFO    |   [imagenet] fold 1 epoch 9  train_loss=0.4457  val_auc=0.7134
20:53:27 | INFO    |   [imagenet] fold 1 epoch 10  train_loss=0.4416  val_auc=0.7075
20:53:28 | INFO    |   [imagenet] fold 1 epoch 11  train_loss=0.4305  val_auc=0.6927
20:53:30 | INFO    |   [imagenet] fold 1 epoch 12  train_loss=0.4229  val_auc=0.6838
20:53:31 | INFO    |   [imagenet] fold 1 epoch 13  train_loss=0.4101  val_auc=0.7401
20:53:33 | INFO    |   [imagenet] fold 1 epoch 14  train_loss=0.3995  val_auc=0.7174
20:53:34 | INFO    |   [imagenet] fold 1 epoch 15  train_loss=0.3822  val_auc=0.7144
20:53:35 | INFO    |   [imagenet] fold 1 epoch 16  train_loss=0.3649  val_auc=0.7312
20:53:37 | INFO    |   [imagenet] fold 1 epoch 17  train_loss=0.3546  val_auc=0.7154
20:53:38 | INFO    |   [imagenet] fold 1 epoch 18  train_loss=0.3346  val_auc=0.7253
20:53:39 | INFO    |   [imagenet] fold 1 epoch 19  train_loss=0.3192  val_auc=0.7184
20:53:41 | INFO    |   [imagenet] fold 1 epoch 20  train_loss=0.2811  val_auc=0.6996
20:53:41 | INFO    |   [imagenet] fold 1 early stop @ epoch 20
20:53:41 | INFO    | [weights:imagenet] cargados=318  omitidos_por_shape=0  faltantes_en_fuente=2  no_usados_de_fuente=0
20:53:43 | INFO    |   [imagenet] fold 2 epoch 0  train_loss=0.4765  val_auc=0.6612
20:53:44 | INFO    |   [imagenet] fold 2 epoch 1  train_loss=0.4774  val_auc=0.6458
20:53:46 | INFO    |   [imagenet] fold 2 epoch 2  train_loss=0.4747  val_auc=0.6313
20:53:48 | INFO    |   [imagenet] fold 2 epoch 3  train_loss=0.4716  val_auc=0.5770
20:53:49 | INFO    |   [imagenet] fold 2 epoch 4  train_loss=0.4724  val_auc=0.6522
20:53:50 | INFO    |   [imagenet] fold 2 epoch 5  train_loss=0.4683  val_auc=0.6966
20:53:52 | INFO    |   [imagenet] fold 2 epoch 6  train_loss=0.4632  val_auc=0.6975
20:53:53 | INFO    |   [imagenet] fold 2 epoch 7  train_loss=0.4618  val_auc=0.5562
20:53:55 | INFO    |   [imagenet] fold 2 epoch 8  train_loss=0.4530  val_auc=0.6350
20:53:56 | INFO    |   [imagenet] fold 2 epoch 9  train_loss=0.4521  val_auc=0.6522
20:53:57 | INFO    |   [imagenet] fold 2 epoch 10  train_loss=0.4454  val_auc=0.6966
20:53:59 | INFO    |   [imagenet] fold 2 epoch 11  train_loss=0.4384  val_auc=0.6286
20:54:00 | INFO    |   [imagenet] fold 2 epoch 12  train_loss=0.4279  val_auc=0.6431
20:54:02 | INFO    |   [imagenet] fold 2 epoch 13  train_loss=0.4220  val_auc=0.6241
20:54:03 | INFO    |   [imagenet] fold 2 epoch 14  train_loss=0.4075  val_auc=0.6295
20:54:04 | INFO    |   [imagenet] fold 2 epoch 15  train_loss=0.3915  val_auc=0.6603
20:54:06 | INFO    |   [imagenet] fold 2 epoch 16  train_loss=0.3770  val_auc=0.6784
20:54:07 | INFO    |   [imagenet] fold 2 epoch 17  train_loss=0.3555  val_auc=0.6585
20:54:09 | INFO    |   [imagenet] fold 2 epoch 18  train_loss=0.3394  val_auc=0.6929
20:54:10 | INFO    |   [imagenet] fold 2 epoch 19  train_loss=0.3188  val_auc=0.6966
20:54:12 | INFO    |   [imagenet] fold 2 epoch 20  train_loss=0.2866  val_auc=0.6784
20:54:13 | INFO    |   [imagenet] fold 2 epoch 21  train_loss=0.2720  val_auc=0.7201
20:54:14 | INFO    |   [imagenet] fold 2 epoch 22  train_loss=0.2421  val_auc=0.7156
20:54:16 | INFO    |   [imagenet] fold 2 epoch 23  train_loss=0.2498  val_auc=0.6431
20:54:17 | INFO    |   [imagenet] fold 2 epoch 24  train_loss=0.2336  val_auc=0.6803
20:54:19 | INFO    |   [imagenet] fold 2 epoch 25  train_loss=0.1986  val_auc=0.6549
20:54:20 | INFO    |   [imagenet] fold 2 epoch 26  train_loss=0.1872  val_auc=0.7409
20:54:21 | INFO    |   [imagenet] fold 2 epoch 27  train_loss=0.1735  val_auc=0.7274
20:54:23 | INFO    |   [imagenet] fold 2 epoch 28  train_loss=0.1513  val_auc=0.7237
20:54:24 | INFO    |   [imagenet] fold 2 epoch 29  train_loss=0.1321  val_auc=0.7337
20:54:25 | INFO    |   [imagenet] fold 2 epoch 30  train_loss=0.1098  val_auc=0.7518
20:54:27 | INFO    |   [imagenet] fold 2 epoch 31  train_loss=0.0891  val_auc=0.7835
20:54:28 | INFO    |   [imagenet] fold 2 epoch 32  train_loss=0.1034  val_auc=0.7636
20:54:30 | INFO    |   [imagenet] fold 2 epoch 33  train_loss=0.0864  val_auc=0.7373
20:54:32 | INFO    |   [imagenet] fold 2 epoch 34  train_loss=0.0839  val_auc=0.7618
20:54:33 | INFO    |   [imagenet] fold 2 epoch 35  train_loss=0.0789  val_auc=0.7482
20:54:34 | INFO    |   [imagenet] fold 2 epoch 36  train_loss=0.0906  val_auc=0.7781
20:54:36 | INFO    |   [imagenet] fold 2 epoch 37  train_loss=0.0749  val_auc=0.7246
20:54:37 | INFO    |   [imagenet] fold 2 epoch 38  train_loss=0.0654  val_auc=0.6875
20:54:39 | INFO    |   [imagenet] fold 2 epoch 39  train_loss=0.0494  val_auc=0.7554
20:54:40 | INFO    |   [imagenet] fold 2 epoch 40  train_loss=0.0606  val_auc=0.7717
20:54:41 | INFO    |   [imagenet] fold 2 epoch 41  train_loss=0.0711  val_auc=0.7428
20:54:43 | INFO    |   [imagenet] fold 2 epoch 42  train_loss=0.0704  val_auc=0.7183
20:54:44 | INFO    |   [imagenet] fold 2 epoch 43  train_loss=0.0583  val_auc=0.7446
20:54:45 | INFO    |   [imagenet] fold 2 epoch 44  train_loss=0.0497  val_auc=0.7391
20:54:47 | INFO    |   [imagenet] fold 2 epoch 45  train_loss=0.0358  val_auc=0.7745
20:54:48 | INFO    |   [imagenet] fold 2 epoch 46  train_loss=0.0734  val_auc=0.7699
20:54:48 | INFO    |   [imagenet] fold 2 early stop @ epoch 46
20:54:49 | INFO    | [weights:imagenet] cargados=318  omitidos_por_shape=0  faltantes_en_fuente=2  no_usados_de_fuente=0
20:54:51 | INFO    |   [imagenet] fold 3 epoch 0  train_loss=0.4729  val_auc=0.6097
20:54:52 | INFO    |   [imagenet] fold 3 epoch 1  train_loss=0.4698  val_auc=0.5420
20:54:53 | INFO    |   [imagenet] fold 3 epoch 2  train_loss=0.4699  val_auc=0.6330
20:54:55 | INFO    |   [imagenet] fold 3 epoch 3  train_loss=0.4694  val_auc=0.5996
20:54:56 | INFO    |   [imagenet] fold 3 epoch 4  train_loss=0.4680  val_auc=0.5349
20:54:58 | INFO    |   [imagenet] fold 3 epoch 5  train_loss=0.4611  val_auc=0.6380
20:54:59 | INFO    |   [imagenet] fold 3 epoch 6  train_loss=0.4602  val_auc=0.7351
20:55:01 | INFO    |   [imagenet] fold 3 epoch 7  train_loss=0.4586  val_auc=0.6481
20:55:02 | INFO    |   [imagenet] fold 3 epoch 8  train_loss=0.4535  val_auc=0.6987
20:55:03 | INFO    |   [imagenet] fold 3 epoch 9  train_loss=0.4491  val_auc=0.7007
20:55:05 | INFO    |   [imagenet] fold 3 epoch 10  train_loss=0.4421  val_auc=0.6977
20:55:06 | INFO    |   [imagenet] fold 3 epoch 11  train_loss=0.4314  val_auc=0.7068
20:55:07 | INFO    |   [imagenet] fold 3 epoch 12  train_loss=0.4221  val_auc=0.6876
20:55:09 | INFO    |   [imagenet] fold 3 epoch 13  train_loss=0.4017  val_auc=0.6845
20:55:10 | INFO    |   [imagenet] fold 3 epoch 14  train_loss=0.3964  val_auc=0.6936
20:55:12 | INFO    |   [imagenet] fold 3 epoch 15  train_loss=0.3629  val_auc=0.6461
20:55:14 | INFO    |   [imagenet] fold 3 epoch 16  train_loss=0.3538  val_auc=0.7199
20:55:15 | INFO    |   [imagenet] fold 3 epoch 17  train_loss=0.3444  val_auc=0.6471
20:55:16 | INFO    |   [imagenet] fold 3 epoch 18  train_loss=0.3123  val_auc=0.5774
20:55:18 | INFO    |   [imagenet] fold 3 epoch 19  train_loss=0.2960  val_auc=0.5723
20:55:19 | INFO    |   [imagenet] fold 3 epoch 20  train_loss=0.2787  val_auc=0.7037
20:55:21 | INFO    |   [imagenet] fold 3 epoch 21  train_loss=0.2361  val_auc=0.7169
20:55:21 | INFO    |   [imagenet] fold 3 early stop @ epoch 21
20:55:21 | INFO    | [weights:imagenet] cargados=318  omitidos_por_shape=0  faltantes_en_fuente=2  no_usados_de_fuente=0
20:55:23 | INFO    |   [imagenet] fold 4 epoch 0  train_loss=0.4782  val_auc=0.5895
20:55:24 | INFO    |   [imagenet] fold 4 epoch 1  train_loss=0.4741  val_auc=0.6522
20:55:25 | INFO    |   [imagenet] fold 4 epoch 2  train_loss=0.4716  val_auc=0.6582
20:55:27 | INFO    |   [imagenet] fold 4 epoch 3  train_loss=0.4701  val_auc=0.6259
20:55:28 | INFO    |   [imagenet] fold 4 epoch 4  train_loss=0.4702  val_auc=0.6421
20:55:30 | INFO    |   [imagenet] fold 4 epoch 5  train_loss=0.4660  val_auc=0.6360
20:55:31 | INFO    |   [imagenet] fold 4 epoch 6  train_loss=0.4693  val_auc=0.5480
20:55:33 | INFO    |   [imagenet] fold 4 epoch 7  train_loss=0.4603  val_auc=0.6269
20:55:34 | INFO    |   [imagenet] fold 4 epoch 8  train_loss=0.4598  val_auc=0.5501
20:55:36 | INFO    |   [imagenet] fold 4 epoch 9  train_loss=0.4526  val_auc=0.5561
20:55:37 | INFO    |   [imagenet] fold 4 epoch 10  train_loss=0.4519  val_auc=0.5784
20:55:39 | INFO    |   [imagenet] fold 4 epoch 11  train_loss=0.4394  val_auc=0.6512
20:55:40 | INFO    |   [imagenet] fold 4 epoch 12  train_loss=0.4399  val_auc=0.6178
20:55:41 | INFO    |   [imagenet] fold 4 epoch 13  train_loss=0.4281  val_auc=0.6350
20:55:43 | INFO    |   [imagenet] fold 4 epoch 14  train_loss=0.4203  val_auc=0.6512
20:55:44 | INFO    |   [imagenet] fold 4 epoch 15  train_loss=0.4124  val_auc=0.6198
20:55:46 | INFO    |   [imagenet] fold 4 epoch 16  train_loss=0.3956  val_auc=0.6411
20:55:47 | INFO    |   [imagenet] fold 4 epoch 17  train_loss=0.3850  val_auc=0.6977
20:55:48 | INFO    |   [imagenet] fold 4 epoch 18  train_loss=0.3772  val_auc=0.7219
20:55:50 | INFO    |   [imagenet] fold 4 epoch 19  train_loss=0.3451  val_auc=0.7219
20:55:51 | INFO    |   [imagenet] fold 4 epoch 20  train_loss=0.3373  val_auc=0.7594
20:55:53 | INFO    |   [imagenet] fold 4 epoch 21  train_loss=0.3209  val_auc=0.7401
20:55:54 | INFO    |   [imagenet] fold 4 epoch 22  train_loss=0.3007  val_auc=0.7149
20:55:56 | INFO    |   [imagenet] fold 4 epoch 23  train_loss=0.2784  val_auc=0.7806
20:55:57 | INFO    |   [imagenet] fold 4 epoch 24  train_loss=0.2584  val_auc=0.7887
20:55:58 | INFO    |   [imagenet] fold 4 epoch 25  train_loss=0.2551  val_auc=0.7462
20:56:00 | INFO    |   [imagenet] fold 4 epoch 26  train_loss=0.2244  val_auc=0.8372
20:56:01 | INFO    |   [imagenet] fold 4 epoch 27  train_loss=0.1785  val_auc=0.8544
20:56:03 | INFO    |   [imagenet] fold 4 epoch 28  train_loss=0.1890  val_auc=0.8736
20:56:04 | INFO    |   [imagenet] fold 4 epoch 29  train_loss=0.1780  val_auc=0.9191
20:56:05 | INFO    |   [imagenet] fold 4 epoch 30  train_loss=0.1592  val_auc=0.8483
20:56:07 | INFO    |   [imagenet] fold 4 epoch 31  train_loss=0.1591  val_auc=0.8129
20:56:08 | INFO    |   [imagenet] fold 4 epoch 32  train_loss=0.1472  val_auc=0.7563
20:56:09 | INFO    |   [imagenet] fold 4 epoch 33  train_loss=0.1217  val_auc=0.8089
20:56:11 | INFO    |   [imagenet] fold 4 epoch 34  train_loss=0.1058  val_auc=0.8210
20:56:12 | INFO    |   [imagenet] fold 4 epoch 35  train_loss=0.1035  val_auc=0.8686
20:56:14 | INFO    |   [imagenet] fold 4 epoch 36  train_loss=0.0982  val_auc=0.8514
20:56:15 | INFO    |   [imagenet] fold 4 epoch 37  train_loss=0.0771  val_auc=0.8210
20:56:17 | INFO    |   [imagenet] fold 4 epoch 38  train_loss=0.0749  val_auc=0.8038
20:56:18 | INFO    |   [imagenet] fold 4 epoch 39  train_loss=0.0940  val_auc=0.7836
20:56:20 | INFO    |   [imagenet] fold 4 epoch 40  train_loss=0.0779  val_auc=0.7968
20:56:21 | INFO    |   [imagenet] fold 4 epoch 41  train_loss=0.0607  val_auc=0.8342
20:56:23 | INFO    |   [imagenet] fold 4 epoch 42  train_loss=0.0562  val_auc=0.8554
20:56:24 | INFO    |   [imagenet] fold 4 epoch 43  train_loss=0.0644  val_auc=0.8554
20:56:25 | INFO    |   [imagenet] fold 4 epoch 44  train_loss=0.0850  val_auc=0.9029
20:56:25 | INFO    |   [imagenet] fold 4 early stop @ epoch 44
20:56:26 | INFO    | [imagenet] OOF  AUROC=0.6619  AUPRC=0.7827  prev=0.674  n_knees=190
20:56:26 | INFO    | ===== Comparador: random =====
20:56:26 | INFO    | [weights:random] backbone inicializado aleatoriamente (sin carga).
20:56:27 | INFO    |   [random] fold 0 epoch 0  train_loss=0.4883  val_auc=0.5217
20:56:28 | INFO    |   [random] fold 0 epoch 1  train_loss=0.4721  val_auc=0.5702
20:56:30 | INFO    |   [random] fold 0 epoch 2  train_loss=0.4699  val_auc=0.5711
20:56:31 | INFO    |   [random] fold 0 epoch 3  train_loss=0.4648  val_auc=0.5692
20:56:32 | INFO    |   [random] fold 0 epoch 4  train_loss=0.4635  val_auc=0.5919
20:56:34 | INFO    |   [random] fold 0 epoch 5  train_loss=0.4621  val_auc=0.5800
20:56:36 | INFO    |   [random] fold 0 epoch 6  train_loss=0.4685  val_auc=0.5741
20:56:37 | INFO    |   [random] fold 0 epoch 7  train_loss=0.4659  val_auc=0.5949
20:56:39 | INFO    |   [random] fold 0 epoch 8  train_loss=0.4622  val_auc=0.5791
20:56:40 | INFO    |   [random] fold 0 epoch 9  train_loss=0.4695  val_auc=0.5672
20:56:41 | INFO    |   [random] fold 0 epoch 10  train_loss=0.4588  val_auc=0.6097
20:56:43 | INFO    |   [random] fold 0 epoch 11  train_loss=0.4604  val_auc=0.5711
20:56:44 | INFO    |   [random] fold 0 epoch 12  train_loss=0.4546  val_auc=0.6215
20:56:46 | INFO    |   [random] fold 0 epoch 13  train_loss=0.4537  val_auc=0.5899
20:56:47 | INFO    |   [random] fold 0 epoch 14  train_loss=0.4390  val_auc=0.5455
20:56:48 | INFO    |   [random] fold 0 epoch 15  train_loss=0.4485  val_auc=0.5217
20:56:50 | INFO    |   [random] fold 0 epoch 16  train_loss=0.4576  val_auc=0.5296
20:56:51 | INFO    |   [random] fold 0 epoch 17  train_loss=0.4411  val_auc=0.5682
20:56:52 | INFO    |   [random] fold 0 epoch 18  train_loss=0.4451  val_auc=0.5593
20:56:54 | INFO    |   [random] fold 0 epoch 19  train_loss=0.4299  val_auc=0.5455
20:56:55 | INFO    |   [random] fold 0 epoch 20  train_loss=0.4341  val_auc=0.5435
20:56:57 | INFO    |   [random] fold 0 epoch 21  train_loss=0.4249  val_auc=0.5672
20:56:58 | INFO    |   [random] fold 0 epoch 22  train_loss=0.4260  val_auc=0.5800
20:57:00 | INFO    |   [random] fold 0 epoch 23  train_loss=0.4400  val_auc=0.6126
20:57:01 | INFO    |   [random] fold 0 epoch 24  train_loss=0.4305  val_auc=0.6107
20:57:02 | INFO    |   [random] fold 0 epoch 25  train_loss=0.4194  val_auc=0.5968
20:57:04 | INFO    |   [random] fold 0 epoch 26  train_loss=0.4345  val_auc=0.5692
20:57:05 | INFO    |   [random] fold 0 epoch 27  train_loss=0.4316  val_auc=0.6146
20:57:05 | INFO    |   [random] fold 0 early stop @ epoch 27
20:57:06 | INFO    | [weights:random] backbone inicializado aleatoriamente (sin carga).
20:57:07 | INFO    |   [random] fold 1 epoch 0  train_loss=0.4851  val_auc=0.5059
20:57:08 | INFO    |   [random] fold 1 epoch 1  train_loss=0.4709  val_auc=0.6957
20:57:10 | INFO    |   [random] fold 1 epoch 2  train_loss=0.4625  val_auc=0.6690
20:57:11 | INFO    |   [random] fold 1 epoch 3  train_loss=0.4907  val_auc=0.6601
20:57:12 | INFO    |   [random] fold 1 epoch 4  train_loss=0.4566  val_auc=0.6947
20:57:14 | INFO    |   [random] fold 1 epoch 5  train_loss=0.4606  val_auc=0.5702
20:57:15 | INFO    |   [random] fold 1 epoch 6  train_loss=0.4536  val_auc=0.6660
20:57:17 | INFO    |   [random] fold 1 epoch 7  train_loss=0.4645  val_auc=0.6502
20:57:18 | INFO    |   [random] fold 1 epoch 8  train_loss=0.4834  val_auc=0.6719
20:57:20 | INFO    |   [random] fold 1 epoch 9  train_loss=0.4642  val_auc=0.6789
20:57:21 | INFO    |   [random] fold 1 epoch 10  train_loss=0.4450  val_auc=0.6759
20:57:23 | INFO    |   [random] fold 1 epoch 11  train_loss=0.4538  val_auc=0.6324
20:57:24 | INFO    |   [random] fold 1 epoch 12  train_loss=0.4379  val_auc=0.6245
20:57:25 | INFO    |   [random] fold 1 epoch 13  train_loss=0.4562  val_auc=0.6670
20:57:27 | INFO    |   [random] fold 1 epoch 14  train_loss=0.4489  val_auc=0.6245
20:57:28 | INFO    |   [random] fold 1 epoch 15  train_loss=0.4438  val_auc=0.6709
20:57:30 | INFO    |   [random] fold 1 epoch 16  train_loss=0.4318  val_auc=0.6660
20:57:31 | INFO    |   [random] fold 1 epoch 17  train_loss=0.4340  val_auc=0.6423
20:57:32 | INFO    |   [random] fold 1 epoch 18  train_loss=0.4499  val_auc=0.6166
20:57:34 | INFO    |   [random] fold 1 epoch 19  train_loss=0.4306  val_auc=0.5860
20:57:34 | INFO    |   [random] fold 1 early stop @ epoch 19
20:57:34 | INFO    | [weights:random] backbone inicializado aleatoriamente (sin carga).
20:57:35 | INFO    |   [random] fold 2 epoch 0  train_loss=0.4798  val_auc=0.6440
20:57:37 | INFO    |   [random] fold 2 epoch 1  train_loss=0.4798  val_auc=0.6848
20:57:39 | INFO    |   [random] fold 2 epoch 2  train_loss=0.4756  val_auc=0.6168
20:57:40 | INFO    |   [random] fold 2 epoch 3  train_loss=0.4731  val_auc=0.6024
20:57:41 | INFO    |   [random] fold 2 epoch 4  train_loss=0.4701  val_auc=0.5217
20:57:43 | INFO    |   [random] fold 2 epoch 5  train_loss=0.4548  val_auc=0.6232
20:57:44 | INFO    |   [random] fold 2 epoch 6  train_loss=0.4602  val_auc=0.6259
20:57:46 | INFO    |   [random] fold 2 epoch 7  train_loss=0.4690  val_auc=0.4629
20:57:47 | INFO    |   [random] fold 2 epoch 8  train_loss=0.4580  val_auc=0.5272
20:57:48 | INFO    |   [random] fold 2 epoch 9  train_loss=0.4529  val_auc=0.5978
20:57:50 | INFO    |   [random] fold 2 epoch 10  train_loss=0.4566  val_auc=0.5652
20:57:51 | INFO    |   [random] fold 2 epoch 11  train_loss=0.4550  val_auc=0.5707
20:57:52 | INFO    |   [random] fold 2 epoch 12  train_loss=0.4550  val_auc=0.6395
20:57:54 | INFO    |   [random] fold 2 epoch 13  train_loss=0.4784  val_auc=0.5933
20:57:55 | INFO    |   [random] fold 2 epoch 14  train_loss=0.4441  val_auc=0.6132
20:57:57 | INFO    |   [random] fold 2 epoch 15  train_loss=0.4402  val_auc=0.6332
20:57:58 | INFO    |   [random] fold 2 epoch 16  train_loss=0.4440  val_auc=0.6123
20:58:00 | INFO    |   [random] fold 2 epoch 17  train_loss=0.4340  val_auc=0.6223
20:58:02 | INFO    |   [random] fold 2 epoch 18  train_loss=0.4428  val_auc=0.6087
20:58:03 | INFO    |   [random] fold 2 epoch 19  train_loss=0.4308  val_auc=0.6531
20:58:03 | INFO    |   [random] fold 2 early stop @ epoch 19
20:58:03 | INFO    | [weights:random] backbone inicializado aleatoriamente (sin carga).
20:58:05 | INFO    |   [random] fold 3 epoch 0  train_loss=0.4860  val_auc=0.6289
20:58:06 | INFO    |   [random] fold 3 epoch 1  train_loss=0.4728  val_auc=0.6279
20:58:08 | INFO    |   [random] fold 3 epoch 2  train_loss=0.4636  val_auc=0.6218
20:58:09 | INFO    |   [random] fold 3 epoch 3  train_loss=0.4804  val_auc=0.6623
20:58:10 | INFO    |   [random] fold 3 epoch 4  train_loss=0.4607  val_auc=0.6785
20:58:12 | INFO    |   [random] fold 3 epoch 5  train_loss=0.4586  val_auc=0.6613
20:58:13 | INFO    |   [random] fold 3 epoch 6  train_loss=0.4442  val_auc=0.6542
20:58:14 | INFO    |   [random] fold 3 epoch 7  train_loss=0.4644  val_auc=0.7037
20:58:16 | INFO    |   [random] fold 3 epoch 8  train_loss=0.4590  val_auc=0.6866
20:58:17 | INFO    |   [random] fold 3 epoch 9  train_loss=0.4509  val_auc=0.5652
20:58:19 | INFO    |   [random] fold 3 epoch 10  train_loss=0.4655  val_auc=0.5308
20:58:20 | INFO    |   [random] fold 3 epoch 11  train_loss=0.4581  val_auc=0.6309
20:58:22 | INFO    |   [random] fold 3 epoch 12  train_loss=0.4592  val_auc=0.6229
20:58:23 | INFO    |   [random] fold 3 epoch 13  train_loss=0.4479  val_auc=0.6400
20:58:25 | INFO    |   [random] fold 3 epoch 14  train_loss=0.4500  val_auc=0.6077
20:58:26 | INFO    |   [random] fold 3 epoch 15  train_loss=0.4493  val_auc=0.7068
20:58:27 | INFO    |   [random] fold 3 epoch 16  train_loss=0.4593  val_auc=0.6744
20:58:29 | INFO    |   [random] fold 3 epoch 17  train_loss=0.4498  val_auc=0.6309
20:58:30 | INFO    |   [random] fold 3 epoch 18  train_loss=0.4290  val_auc=0.6279
20:58:32 | INFO    |   [random] fold 3 epoch 19  train_loss=0.4357  val_auc=0.6684
20:58:33 | INFO    |   [random] fold 3 epoch 20  train_loss=0.4354  val_auc=0.6552
20:58:34 | INFO    |   [random] fold 3 epoch 21  train_loss=0.4386  val_auc=0.6249
20:58:36 | INFO    |   [random] fold 3 epoch 22  train_loss=0.4334  val_auc=0.6047
20:58:37 | INFO    |   [random] fold 3 epoch 23  train_loss=0.4394  val_auc=0.6127
20:58:38 | INFO    |   [random] fold 3 epoch 24  train_loss=0.4366  val_auc=0.6320
20:58:40 | INFO    |   [random] fold 3 epoch 25  train_loss=0.4139  val_auc=0.6370
20:58:42 | INFO    |   [random] fold 3 epoch 26  train_loss=0.4152  val_auc=0.5410
20:58:43 | INFO    |   [random] fold 3 epoch 27  train_loss=0.4474  val_auc=0.5440
20:58:44 | INFO    |   [random] fold 3 epoch 28  train_loss=0.4439  val_auc=0.5875
20:58:46 | INFO    |   [random] fold 3 epoch 29  train_loss=0.4221  val_auc=0.6613
20:58:47 | INFO    |   [random] fold 3 epoch 30  train_loss=0.4243  val_auc=0.6866
20:58:47 | INFO    |   [random] fold 3 early stop @ epoch 30
20:58:48 | INFO    | [weights:random] backbone inicializado aleatoriamente (sin carga).
20:58:49 | INFO    |   [random] fold 4 epoch 0  train_loss=0.4955  val_auc=0.5440
20:58:50 | INFO    |   [random] fold 4 epoch 1  train_loss=0.4831  val_auc=0.6380
20:58:52 | INFO    |   [random] fold 4 epoch 2  train_loss=0.4670  val_auc=0.5238
20:58:53 | INFO    |   [random] fold 4 epoch 3  train_loss=0.4721  val_auc=0.5956
20:58:55 | INFO    |   [random] fold 4 epoch 4  train_loss=0.4724  val_auc=0.6047
20:58:56 | INFO    |   [random] fold 4 epoch 5  train_loss=0.4649  val_auc=0.5784
20:58:57 | INFO    |   [random] fold 4 epoch 6  train_loss=0.4565  val_auc=0.5602
20:58:59 | INFO    |   [random] fold 4 epoch 7  train_loss=0.4530  val_auc=0.5693
20:59:00 | INFO    |   [random] fold 4 epoch 8  train_loss=0.4703  val_auc=0.6158
20:59:02 | INFO    |   [random] fold 4 epoch 9  train_loss=0.4761  val_auc=0.6127
20:59:04 | INFO    |   [random] fold 4 epoch 10  train_loss=0.4834  val_auc=0.6198
20:59:05 | INFO    |   [random] fold 4 epoch 11  train_loss=0.4705  val_auc=0.5672
20:59:07 | INFO    |   [random] fold 4 epoch 12  train_loss=0.4628  val_auc=0.5905
20:59:08 | INFO    |   [random] fold 4 epoch 13  train_loss=0.4618  val_auc=0.5885
20:59:09 | INFO    |   [random] fold 4 epoch 14  train_loss=0.4581  val_auc=0.5450
20:59:11 | INFO    |   [random] fold 4 epoch 15  train_loss=0.4798  val_auc=0.5298
20:59:12 | INFO    |   [random] fold 4 epoch 16  train_loss=0.4639  val_auc=0.5025
20:59:14 | INFO    |   [random] fold 4 epoch 17  train_loss=0.4677  val_auc=0.5440
20:59:15 | INFO    |   [random] fold 4 epoch 18  train_loss=0.4521  val_auc=0.6097
20:59:16 | INFO    |   [random] fold 4 epoch 19  train_loss=0.4603  val_auc=0.5571
20:59:16 | INFO    |   [random] fold 4 early stop @ epoch 19
20:59:17 | INFO    | [random] OOF  AUROC=0.5508  AUPRC=0.7186  prev=0.674  n_knees=190
20:59:21 | INFO    | ΔAUROC radimagenet-imagenet: obs=+0.0092  IC95%=[-0.0768, +0.0941]  (boot=2000, pacientes=186)
20:59:26 | INFO    | ΔAUROC radimagenet-random: obs=+0.1203  IC95%=[-0.0029, +0.2348]  (boot=2000, pacientes=186)
20:59:30 | INFO    | ΔAUROC imagenet-random: obs=+0.1111  IC95%=[-0.0064, +0.2248]  (boot=2000, pacientes=186)
20:59:30 | INFO    | Artefactos en: ./outputs/tuning_100
20:59:30 | INFO    | DONE.
